TimeQuest Timing Analyzer report for de0_led_slider
Wed Nov 09 12:05:02 2022
Quartus II 64-Bit Version 13.1.0 Build 162 10/23/2013 SJ Web Edition


---------------------
; Table of Contents ;
---------------------
  1. Legal Notice
  2. TimeQuest Timing Analyzer Summary
  3. Parallel Compilation
  4. Clocks
  5. Slow 1200mV 85C Model Fmax Summary
  6. Timing Closure Recommendations
  7. Slow 1200mV 85C Model Setup Summary
  8. Slow 1200mV 85C Model Hold Summary
  9. Slow 1200mV 85C Model Recovery Summary
 10. Slow 1200mV 85C Model Removal Summary
 11. Slow 1200mV 85C Model Minimum Pulse Width Summary
 12. Propagation Delay
 13. Minimum Propagation Delay
 14. Slow 1200mV 85C Model Metastability Report
 15. Slow 1200mV 0C Model Fmax Summary
 16. Slow 1200mV 0C Model Setup Summary
 17. Slow 1200mV 0C Model Hold Summary
 18. Slow 1200mV 0C Model Recovery Summary
 19. Slow 1200mV 0C Model Removal Summary
 20. Slow 1200mV 0C Model Minimum Pulse Width Summary
 21. Propagation Delay
 22. Minimum Propagation Delay
 23. Slow 1200mV 0C Model Metastability Report
 24. Fast 1200mV 0C Model Setup Summary
 25. Fast 1200mV 0C Model Hold Summary
 26. Fast 1200mV 0C Model Recovery Summary
 27. Fast 1200mV 0C Model Removal Summary
 28. Fast 1200mV 0C Model Minimum Pulse Width Summary
 29. Propagation Delay
 30. Minimum Propagation Delay
 31. Fast 1200mV 0C Model Metastability Report
 32. Multicorner Timing Analysis Summary
 33. Propagation Delay
 34. Minimum Propagation Delay
 35. Board Trace Model Assignments
 36. Input Transition Times
 37. Slow Corner Signal Integrity Metrics
 38. Fast Corner Signal Integrity Metrics
 39. Clock Transfers
 40. Report TCCS
 41. Report RSKM
 42. Unconstrained Paths
 43. TimeQuest Timing Analyzer Messages



----------------
; Legal Notice ;
----------------
Copyright (C) 1991-2013 Altera Corporation
Your use of Altera Corporation's design tools, logic functions 
and other software and tools, and its AMPP partner logic 
functions, and any output files from any of the foregoing 
(including device programming or simulation files), and any 
associated documentation or information are expressly subject 
to the terms and conditions of the Altera Program License 
Subscription Agreement, Altera MegaCore Function License 
Agreement, or other applicable license agreement, including, 
without limitation, that your use is for the sole purpose of 
programming logic devices manufactured by Altera and sold by 
Altera or its authorized distributors.  Please refer to the 
applicable agreement for further details.



+-------------------------------------------------------------------------+
; TimeQuest Timing Analyzer Summary                                       ;
+--------------------+----------------------------------------------------+
; Quartus II Version ; Version 13.1.0 Build 162 10/23/2013 SJ Web Edition ;
; Revision Name      ; de0_led_slider                                     ;
; Device Family      ; Cyclone III                                        ;
; Device Name        ; EP3C16F484C6                                       ;
; Timing Models      ; Final                                              ;
; Delay Model        ; Combined                                           ;
; Rise/Fall Delays   ; Enabled                                            ;
+--------------------+----------------------------------------------------+


Parallel compilation was disabled, but you have multiple processors available. Enable parallel compilation to reduce compilation time.
+-------------------------------------+
; Parallel Compilation                ;
+----------------------------+--------+
; Processors                 ; Number ;
+----------------------------+--------+
; Number detected on machine ; 8      ;
; Maximum allowed            ; 1      ;
+----------------------------+--------+


----------
; Clocks ;
----------
No clocks to report.


--------------------------------------
; Slow 1200mV 85C Model Fmax Summary ;
--------------------------------------
No paths to report.


----------------------------------
; Timing Closure Recommendations ;
----------------------------------
HTML report is unavailable in plain text report export.


---------------------------------------
; Slow 1200mV 85C Model Setup Summary ;
---------------------------------------
No paths to report.


--------------------------------------
; Slow 1200mV 85C Model Hold Summary ;
--------------------------------------
No paths to report.


------------------------------------------
; Slow 1200mV 85C Model Recovery Summary ;
------------------------------------------
No paths to report.


-----------------------------------------
; Slow 1200mV 85C Model Removal Summary ;
-----------------------------------------
No paths to report.


-----------------------------------------------------
; Slow 1200mV 85C Model Minimum Pulse Width Summary ;
-----------------------------------------------------
No paths to report.


+----------------------------------------------------------+
; Propagation Delay                                        ;
+------------+-------------+-------+-------+-------+-------+
; Input Port ; Output Port ; RR    ; RF    ; FR    ; FF    ;
+------------+-------------+-------+-------+-------+-------+
; din[0]     ; dout[0]     ; 5.712 ;       ;       ; 6.112 ;
; din[0]     ; dout[4]     ;       ; 5.792 ; 6.154 ;       ;
; din[0]     ; fnd_on_0[0] ; 7.895 ; 7.806 ; 8.409 ; 8.348 ;
; din[0]     ; fnd_on_0[1] ; 7.882 ; 7.775 ; 8.370 ; 8.323 ;
; din[0]     ; fnd_on_0[2] ;       ; 7.317 ; 7.890 ;       ;
; din[0]     ; fnd_on_0[3] ; 7.382 ; 7.303 ; 7.897 ; 7.846 ;
; din[0]     ; fnd_on_0[4] ; 7.369 ;       ;       ; 7.836 ;
; din[0]     ; fnd_on_0[5] ; 7.421 ;       ;       ; 7.896 ;
; din[0]     ; fnd_on_0[6] ; 7.289 ;       ;       ; 7.876 ;
; din[0]     ; fnd_on_1[0] ; 7.620 ; 7.641 ; 8.137 ; 8.208 ;
; din[0]     ; fnd_on_1[1] ; 7.670 ; 7.621 ; 8.135 ; 8.238 ;
; din[0]     ; fnd_on_1[2] ; 7.655 ;       ;       ; 8.240 ;
; din[0]     ; fnd_on_1[3] ; 7.652 ; 7.734 ; 8.229 ; 8.250 ;
; din[0]     ; fnd_on_1[4] ;       ; 7.683 ; 8.178 ;       ;
; din[0]     ; fnd_on_1[5] ;       ; 7.338 ; 7.830 ;       ;
; din[0]     ; fnd_on_1[6] ;       ; 7.686 ; 8.178 ;       ;
; din[1]     ; dout[1]     ; 6.045 ;       ;       ; 6.483 ;
; din[1]     ; dout[5]     ;       ; 5.744 ; 6.154 ;       ;
; din[1]     ; fnd_on_0[0] ; 7.555 ; 7.472 ; 8.041 ; 7.949 ;
; din[1]     ; fnd_on_0[1] ; 7.550 ; 7.475 ; 8.041 ; 7.957 ;
; din[1]     ; fnd_on_0[2] ; 7.075 ;       ;       ; 7.496 ;
; din[1]     ; fnd_on_0[3] ; 7.045 ; 6.972 ; 7.533 ; 7.451 ;
; din[1]     ; fnd_on_0[4] ; 7.032 ; 6.946 ; 7.516 ; 7.421 ;
; din[1]     ; fnd_on_0[5] ; 7.086 ;       ;       ; 7.499 ;
; din[1]     ; fnd_on_0[6] ; 6.996 ; 7.059 ; 7.474 ; 7.546 ;
; din[1]     ; fnd_on_1[0] ; 7.304 ; 7.367 ; 7.779 ; 7.851 ;
; din[1]     ; fnd_on_1[1] ; 7.304 ; 7.354 ; 7.781 ; 7.840 ;
; din[1]     ; fnd_on_1[2] ;       ; 7.371 ; 7.769 ;       ;
; din[1]     ; fnd_on_1[3] ; 7.331 ; 7.404 ; 7.814 ; 7.896 ;
; din[1]     ; fnd_on_1[4] ; 7.285 ; 7.357 ; 7.763 ; 7.844 ;
; din[1]     ; fnd_on_1[5] ;       ; 7.059 ; 7.473 ;       ;
; din[1]     ; fnd_on_1[6] ; 7.285 ; 7.361 ; 7.761 ; 7.846 ;
; din[2]     ; dout[2]     ; 6.924 ;       ;       ; 7.438 ;
; din[2]     ; dout[6]     ;       ; 5.741 ; 6.115 ;       ;
; din[2]     ; fnd_on_0[0] ; 7.727 ; 7.639 ; 8.196 ; 8.142 ;
; din[2]     ; fnd_on_0[1] ; 7.719 ;       ;       ; 8.141 ;
; din[2]     ; fnd_on_0[2] ; 7.227 ; 7.167 ; 7.693 ; 7.665 ;
; din[2]     ; fnd_on_0[3] ; 7.198 ; 7.120 ; 7.667 ; 7.624 ;
; din[2]     ; fnd_on_0[4] ; 7.184 ;       ;       ; 7.590 ;
; din[2]     ; fnd_on_0[5] ; 7.241 ; 7.174 ; 7.706 ; 7.670 ;
; din[2]     ; fnd_on_0[6] ; 7.152 ; 7.217 ; 7.652 ; 7.686 ;
; din[2]     ; fnd_on_1[0] ; 7.475 ; 7.538 ; 7.970 ; 8.002 ;
; din[2]     ; fnd_on_1[1] ;       ; 7.507 ; 7.956 ;       ;
; din[2]     ; fnd_on_1[2] ; 7.441 ; 7.521 ; 7.940 ; 7.987 ;
; din[2]     ; fnd_on_1[3] ; 7.500 ; 7.575 ; 7.999 ; 8.041 ;
; din[2]     ; fnd_on_1[4] ;       ; 7.516 ; 7.941 ;       ;
; din[2]     ; fnd_on_1[5] ; 7.159 ; 7.227 ; 7.654 ; 7.692 ;
; din[2]     ; fnd_on_1[6] ; 7.455 ; 7.533 ; 7.951 ; 7.996 ;
; din[3]     ; dout[3]     ; 5.796 ;       ;       ; 6.212 ;
; din[3]     ; dout[7]     ;       ; 5.813 ; 6.229 ;       ;
; din[3]     ; fnd_on_0[0] ; 7.894 ; 7.870 ; 8.455 ; 8.343 ;
; din[3]     ; fnd_on_0[1] ; 7.905 ;       ;       ; 8.330 ;
; din[3]     ; fnd_on_0[2] ; 7.422 ;       ;       ; 7.888 ;
; din[3]     ; fnd_on_0[3] ; 7.381 ; 7.367 ; 7.945 ; 7.843 ;
; din[3]     ; fnd_on_0[4] ; 7.343 ;       ;       ; 7.757 ;
; din[3]     ; fnd_on_0[5] ; 7.430 ; 7.413 ; 7.988 ; 7.894 ;
; din[3]     ; fnd_on_0[6] ; 7.384 ; 7.419 ; 7.895 ; 7.944 ;
; din[3]     ; fnd_on_1[0] ; 7.629 ; 7.729 ; 8.203 ; 8.187 ;
; din[3]     ; fnd_on_1[1] ;       ; 7.711 ; 8.180 ;       ;
; din[3]     ; fnd_on_1[2] ;       ; 7.731 ; 8.189 ;       ;
; din[3]     ; fnd_on_1[3] ; 7.661 ; 7.760 ; 8.239 ; 8.233 ;
; din[3]     ; fnd_on_1[4] ;       ; 7.709 ; 8.187 ;       ;
; din[3]     ; fnd_on_1[5] ; 7.322 ; 7.427 ; 7.896 ; 7.885 ;
; din[3]     ; fnd_on_1[6] ; 7.634 ; 7.712 ; 8.185 ; 8.215 ;
+------------+-------------+-------+-------+-------+-------+


+----------------------------------------------------------+
; Minimum Propagation Delay                                ;
+------------+-------------+-------+-------+-------+-------+
; Input Port ; Output Port ; RR    ; RF    ; FR    ; FF    ;
+------------+-------------+-------+-------+-------+-------+
; din[0]     ; dout[0]     ; 5.596 ;       ;       ; 5.985 ;
; din[0]     ; dout[4]     ;       ; 5.674 ; 6.025 ;       ;
; din[0]     ; fnd_on_0[0] ; 7.684 ; 7.597 ; 8.182 ; 8.123 ;
; din[0]     ; fnd_on_0[1] ; 7.673 ; 7.569 ; 8.147 ; 8.098 ;
; din[0]     ; fnd_on_0[2] ;       ; 7.127 ; 7.687 ;       ;
; din[0]     ; fnd_on_0[3] ; 7.145 ; 7.115 ; 7.693 ; 7.576 ;
; din[0]     ; fnd_on_0[4] ; 7.131 ;       ;       ; 7.548 ;
; din[0]     ; fnd_on_0[5] ; 7.231 ;       ;       ; 7.689 ;
; din[0]     ; fnd_on_0[6] ; 7.102 ;       ;       ; 7.673 ;
; din[0]     ; fnd_on_1[0] ; 7.420 ; 7.444 ; 7.921 ; 7.993 ;
; din[0]     ; fnd_on_1[1] ; 7.468 ; 7.424 ; 7.918 ; 8.020 ;
; din[0]     ; fnd_on_1[2] ; 7.454 ;       ;       ; 8.022 ;
; din[0]     ; fnd_on_1[3] ; 7.450 ; 7.483 ; 7.952 ; 8.033 ;
; din[0]     ; fnd_on_1[4] ;       ; 7.434 ; 7.877 ;       ;
; din[0]     ; fnd_on_1[5] ;       ; 7.150 ; 7.625 ;       ;
; din[0]     ; fnd_on_1[6] ;       ; 7.484 ; 7.961 ;       ;
; din[1]     ; dout[1]     ; 5.916 ;       ;       ; 6.340 ;
; din[1]     ; dout[5]     ;       ; 5.628 ; 6.026 ;       ;
; din[1]     ; fnd_on_0[0] ; 7.358 ; 7.277 ; 7.830 ; 7.740 ;
; din[1]     ; fnd_on_0[1] ; 7.354 ; 7.279 ; 7.830 ; 7.746 ;
; din[1]     ; fnd_on_0[2] ; 6.899 ;       ;       ; 7.304 ;
; din[1]     ; fnd_on_0[3] ; 6.870 ; 6.797 ; 7.344 ; 7.262 ;
; din[1]     ; fnd_on_0[4] ; 6.857 ; 6.772 ; 7.326 ; 7.232 ;
; din[1]     ; fnd_on_0[5] ; 6.908 ;       ;       ; 7.307 ;
; din[1]     ; fnd_on_0[6] ; 6.820 ; 6.883 ; 7.283 ; 7.355 ;
; din[1]     ; fnd_on_1[0] ; 7.116 ; 7.180 ; 7.577 ; 7.650 ;
; din[1]     ; fnd_on_1[1] ; 7.116 ; 7.167 ; 7.578 ; 7.638 ;
; din[1]     ; fnd_on_1[2] ;       ; 7.183 ; 7.568 ;       ;
; din[1]     ; fnd_on_1[3] ; 7.143 ; 7.216 ; 7.611 ; 7.693 ;
; din[1]     ; fnd_on_1[4] ; 7.098 ; 7.170 ; 7.562 ; 7.643 ;
; din[1]     ; fnd_on_1[5] ;       ; 6.882 ; 7.283 ;       ;
; din[1]     ; fnd_on_1[6] ; 7.098 ; 7.173 ; 7.560 ; 7.644 ;
; din[2]     ; dout[2]     ; 6.808 ;       ;       ; 7.311 ;
; din[2]     ; dout[6]     ;       ; 5.625 ; 5.989 ;       ;
; din[2]     ; fnd_on_0[0] ; 7.523 ; 7.438 ; 7.978 ; 7.925 ;
; din[2]     ; fnd_on_0[1] ; 7.514 ;       ;       ; 7.922 ;
; din[2]     ; fnd_on_0[2] ; 7.044 ; 6.984 ; 7.497 ; 7.467 ;
; din[2]     ; fnd_on_0[3] ; 7.014 ; 6.939 ; 7.472 ; 7.427 ;
; din[2]     ; fnd_on_0[4] ; 7.002 ;       ;       ; 7.395 ;
; din[2]     ; fnd_on_0[5] ; 7.057 ; 6.988 ; 7.507 ; 7.471 ;
; din[2]     ; fnd_on_0[6] ; 6.967 ; 7.034 ; 7.454 ; 7.488 ;
; din[2]     ; fnd_on_1[0] ; 7.281 ; 7.344 ; 7.761 ; 7.795 ;
; din[2]     ; fnd_on_1[1] ;       ; 7.311 ; 7.746 ;       ;
; din[2]     ; fnd_on_1[2] ; 7.248 ; 7.326 ; 7.732 ; 7.779 ;
; din[2]     ; fnd_on_1[3] ; 7.305 ; 7.377 ; 7.788 ; 7.832 ;
; din[2]     ; fnd_on_1[4] ;       ; 7.322 ; 7.732 ;       ;
; din[2]     ; fnd_on_1[5] ; 6.974 ; 7.043 ; 7.456 ; 7.493 ;
; din[2]     ; fnd_on_1[6] ; 7.262 ; 7.336 ; 7.742 ; 7.788 ;
; din[3]     ; dout[3]     ; 5.677 ;       ;       ; 6.082 ;
; din[3]     ; dout[7]     ;       ; 5.695 ; 6.099 ;       ;
; din[3]     ; fnd_on_0[0] ; 7.646 ; 7.660 ; 8.227 ; 8.059 ;
; din[3]     ; fnd_on_0[1] ; 7.647 ;       ;       ; 8.074 ;
; din[3]     ; fnd_on_0[2] ; 7.184 ;       ;       ; 7.622 ;
; din[3]     ; fnd_on_0[3] ; 7.155 ; 7.177 ; 7.740 ; 7.580 ;
; din[3]     ; fnd_on_0[4] ; 7.153 ;       ;       ; 7.551 ;
; din[3]     ; fnd_on_0[5] ; 7.193 ; 7.221 ; 7.780 ; 7.628 ;
; din[3]     ; fnd_on_0[6] ; 7.129 ; 7.217 ; 7.670 ; 7.677 ;
; din[3]     ; fnd_on_1[0] ; 7.428 ; 7.478 ; 7.905 ; 7.974 ;
; din[3]     ; fnd_on_1[1] ;       ; 7.449 ; 7.925 ;       ;
; din[3]     ; fnd_on_1[2] ;       ; 7.468 ; 7.892 ;       ;
; din[3]     ; fnd_on_1[3] ; 7.459 ; 7.518 ; 7.939 ; 8.017 ;
; din[3]     ; fnd_on_1[4] ;       ; 7.495 ; 7.943 ;       ;
; din[3]     ; fnd_on_1[5] ; 7.133 ; 7.175 ; 7.609 ; 7.681 ;
; din[3]     ; fnd_on_1[6] ; 7.410 ; 7.460 ; 7.888 ; 7.968 ;
+------------+-------------+-------+-------+-------+-------+


----------------------------------------------
; Slow 1200mV 85C Model Metastability Report ;
----------------------------------------------
No synchronizer chains to report.


-------------------------------------
; Slow 1200mV 0C Model Fmax Summary ;
-------------------------------------
No paths to report.


--------------------------------------
; Slow 1200mV 0C Model Setup Summary ;
--------------------------------------
No paths to report.


-------------------------------------
; Slow 1200mV 0C Model Hold Summary ;
-------------------------------------
No paths to report.


-----------------------------------------
; Slow 1200mV 0C Model Recovery Summary ;
-----------------------------------------
No paths to report.


----------------------------------------
; Slow 1200mV 0C Model Removal Summary ;
----------------------------------------
No paths to report.


----------------------------------------------------
; Slow 1200mV 0C Model Minimum Pulse Width Summary ;
----------------------------------------------------
No paths to report.


+----------------------------------------------------------+
; Propagation Delay                                        ;
+------------+-------------+-------+-------+-------+-------+
; Input Port ; Output Port ; RR    ; RF    ; FR    ; FF    ;
+------------+-------------+-------+-------+-------+-------+
; din[0]     ; dout[0]     ; 5.320 ;       ;       ; 5.652 ;
; din[0]     ; dout[4]     ;       ; 5.407 ; 5.698 ;       ;
; din[0]     ; fnd_on_0[0] ; 7.331 ; 7.181 ; 7.749 ; 7.621 ;
; din[0]     ; fnd_on_0[1] ; 7.322 ; 7.157 ; 7.717 ; 7.603 ;
; din[0]     ; fnd_on_0[2] ;       ; 6.760 ; 7.270 ;       ;
; din[0]     ; fnd_on_0[3] ; 6.856 ; 6.751 ; 7.276 ; 7.193 ;
; din[0]     ; fnd_on_0[4] ; 6.844 ;       ;       ; 7.190 ;
; din[0]     ; fnd_on_0[5] ; 6.886 ;       ;       ; 7.237 ;
; din[0]     ; fnd_on_0[6] ; 6.735 ;       ;       ; 7.254 ;
; din[0]     ; fnd_on_1[0] ; 7.022 ; 7.094 ; 7.447 ; 7.560 ;
; din[0]     ; fnd_on_1[1] ; 7.053 ; 7.073 ; 7.429 ; 7.585 ;
; din[0]     ; fnd_on_1[2] ; 7.045 ;       ;       ; 7.590 ;
; din[0]     ; fnd_on_1[3] ; 7.053 ; 7.174 ; 7.533 ; 7.598 ;
; din[0]     ; fnd_on_1[4] ;       ; 7.135 ; 7.487 ;       ;
; din[0]     ; fnd_on_1[5] ;       ; 6.813 ; 7.176 ;       ;
; din[0]     ; fnd_on_1[6] ;       ; 7.136 ; 7.498 ;       ;
; din[1]     ; dout[1]     ; 5.625 ;       ;       ; 5.982 ;
; din[1]     ; dout[5]     ;       ; 5.351 ; 5.696 ;       ;
; din[1]     ; fnd_on_0[0] ; 7.040 ; 6.891 ; 7.428 ; 7.271 ;
; din[1]     ; fnd_on_0[1] ; 7.038 ; 6.898 ; 7.425 ; 7.277 ;
; din[1]     ; fnd_on_0[2] ; 6.597 ;       ;       ; 6.886 ;
; din[1]     ; fnd_on_0[3] ; 6.569 ; 6.465 ; 6.957 ; 6.845 ;
; din[1]     ; fnd_on_0[4] ; 6.557 ; 6.448 ; 6.941 ; 6.824 ;
; din[1]     ; fnd_on_0[5] ; 6.601 ;       ;       ; 6.882 ;
; din[1]     ; fnd_on_0[6] ; 6.483 ; 6.578 ; 6.856 ; 6.959 ;
; din[1]     ; fnd_on_1[0] ; 6.756 ; 6.864 ; 7.131 ; 7.247 ;
; din[1]     ; fnd_on_1[1] ; 6.741 ; 6.850 ; 7.119 ; 7.236 ;
; din[1]     ; fnd_on_1[2] ;       ; 6.866 ; 7.112 ;       ;
; din[1]     ; fnd_on_1[3] ; 6.782 ; 6.896 ; 7.164 ; 7.286 ;
; din[1]     ; fnd_on_1[4] ; 6.742 ; 6.862 ; 7.120 ; 7.248 ;
; din[1]     ; fnd_on_1[5] ;       ; 6.579 ; 6.863 ;       ;
; din[1]     ; fnd_on_1[6] ; 6.752 ; 6.863 ; 7.127 ; 7.246 ;
; din[2]     ; dout[2]     ; 6.532 ;       ;       ; 6.978 ;
; din[2]     ; dout[6]     ;       ; 5.347 ; 5.664 ;       ;
; din[2]     ; fnd_on_0[0] ; 7.170 ; 7.017 ; 7.561 ; 7.438 ;
; din[2]     ; fnd_on_0[1] ; 7.165 ;       ;       ; 7.447 ;
; din[2]     ; fnd_on_0[2] ; 6.708 ; 6.614 ; 7.100 ; 7.036 ;
; din[2]     ; fnd_on_0[3] ; 6.680 ; 6.572 ; 7.075 ; 6.998 ;
; din[2]     ; fnd_on_0[4] ; 6.667 ;       ;       ; 6.976 ;
; din[2]     ; fnd_on_0[5] ; 6.714 ; 6.619 ; 7.108 ; 7.041 ;
; din[2]     ; fnd_on_0[6] ; 6.597 ; 6.694 ; 7.019 ; 7.088 ;
; din[2]     ; fnd_on_1[0] ; 6.884 ; 6.992 ; 7.304 ; 7.383 ;
; din[2]     ; fnd_on_1[1] ;       ; 6.961 ; 7.274 ;       ;
; din[2]     ; fnd_on_1[2] ; 6.843 ; 6.975 ; 7.266 ; 7.369 ;
; din[2]     ; fnd_on_1[3] ; 6.910 ; 7.026 ; 7.334 ; 7.419 ;
; din[2]     ; fnd_on_1[4] ;       ; 6.979 ; 7.280 ;       ;
; din[2]     ; fnd_on_1[5] ; 6.602 ; 6.702 ; 7.022 ; 7.095 ;
; din[2]     ; fnd_on_1[6] ; 6.880 ; 6.993 ; 7.302 ; 7.384 ;
; din[3]     ; dout[3]     ; 5.398 ;       ;       ; 5.756 ;
; din[3]     ; dout[7]     ;       ; 5.415 ; 5.767 ;       ;
; din[3]     ; fnd_on_0[0] ; 7.305 ; 7.211 ; 7.781 ; 7.609 ;
; din[3]     ; fnd_on_0[1] ; 7.320 ;       ;       ; 7.604 ;
; din[3]     ; fnd_on_0[2] ; 6.871 ;       ;       ; 7.222 ;
; din[3]     ; fnd_on_0[3] ; 6.829 ; 6.780 ; 7.308 ; 7.181 ;
; din[3]     ; fnd_on_0[4] ; 6.798 ;       ;       ; 7.111 ;
; din[3]     ; fnd_on_0[5] ; 6.873 ; 6.822 ; 7.342 ; 7.226 ;
; din[3]     ; fnd_on_0[6] ; 6.794 ; 6.863 ; 7.225 ; 7.308 ;
; din[3]     ; fnd_on_1[0] ; 7.013 ; 7.152 ; 7.498 ; 7.536 ;
; din[3]     ; fnd_on_1[1] ;       ; 7.133 ; 7.463 ;       ;
; din[3]     ; fnd_on_1[2] ;       ; 7.151 ; 7.474 ;       ;
; din[3]     ; fnd_on_1[3] ; 7.044 ; 7.178 ; 7.533 ; 7.577 ;
; din[3]     ; fnd_on_1[4] ;       ; 7.137 ; 7.487 ;       ;
; din[3]     ; fnd_on_1[5] ; 6.741 ; 6.872 ; 7.227 ; 7.257 ;
; din[3]     ; fnd_on_1[6] ; 7.029 ; 7.141 ; 7.496 ; 7.565 ;
+------------+-------------+-------+-------+-------+-------+


+----------------------------------------------------------+
; Minimum Propagation Delay                                ;
+------------+-------------+-------+-------+-------+-------+
; Input Port ; Output Port ; RR    ; RF    ; FR    ; FF    ;
+------------+-------------+-------+-------+-------+-------+
; din[0]     ; dout[0]     ; 5.223 ;       ;       ; 5.546 ;
; din[0]     ; dout[4]     ;       ; 5.307 ; 5.590 ;       ;
; din[0]     ; fnd_on_0[0] ; 7.147 ; 7.001 ; 7.554 ; 7.428 ;
; din[0]     ; fnd_on_0[1] ; 7.138 ; 6.977 ; 7.523 ; 7.410 ;
; din[0]     ; fnd_on_0[2] ;       ; 6.598 ; 7.094 ;       ;
; din[0]     ; fnd_on_0[3] ; 6.647 ; 6.587 ; 7.099 ; 6.957 ;
; din[0]     ; fnd_on_0[4] ; 6.635 ;       ;       ; 6.939 ;
; din[0]     ; fnd_on_0[5] ; 6.719 ;       ;       ; 7.058 ;
; din[0]     ; fnd_on_0[6] ; 6.572 ;       ;       ; 7.078 ;
; din[0]     ; fnd_on_1[0] ; 6.849 ; 6.920 ; 7.261 ; 7.372 ;
; din[0]     ; fnd_on_1[1] ; 6.878 ; 6.900 ; 7.243 ; 7.396 ;
; din[0]     ; fnd_on_1[2] ; 6.871 ;       ;       ; 7.401 ;
; din[0]     ; fnd_on_1[3] ; 6.879 ; 6.955 ; 7.293 ; 7.409 ;
; din[0]     ; fnd_on_1[4] ;       ; 6.918 ; 7.226 ;       ;
; din[0]     ; fnd_on_1[5] ;       ; 6.649 ; 7.000 ;       ;
; din[0]     ; fnd_on_1[6] ;       ; 6.961 ; 7.309 ;       ;
; din[1]     ; dout[1]     ; 5.516 ;       ;       ; 5.862 ;
; din[1]     ; dout[5]     ;       ; 5.253 ; 5.589 ;       ;
; din[1]     ; fnd_on_0[0] ; 6.868 ; 6.723 ; 7.244 ; 7.093 ;
; din[1]     ; fnd_on_0[1] ; 6.866 ; 6.728 ; 7.242 ; 7.098 ;
; din[1]     ; fnd_on_0[2] ; 6.442 ;       ;       ; 6.723 ;
; din[1]     ; fnd_on_0[3] ; 6.414 ; 6.312 ; 6.792 ; 6.684 ;
; din[1]     ; fnd_on_0[4] ; 6.404 ; 6.297 ; 6.777 ; 6.664 ;
; din[1]     ; fnd_on_0[5] ; 6.445 ;       ;       ; 6.719 ;
; din[1]     ; fnd_on_0[6] ; 6.330 ; 6.424 ; 6.694 ; 6.794 ;
; din[1]     ; fnd_on_1[0] ; 6.593 ; 6.699 ; 6.959 ; 7.071 ;
; din[1]     ; fnd_on_1[1] ; 6.578 ; 6.686 ; 6.947 ; 7.061 ;
; din[1]     ; fnd_on_1[2] ;       ; 6.701 ; 6.941 ;       ;
; din[1]     ; fnd_on_1[3] ; 6.618 ; 6.729 ; 6.991 ; 7.108 ;
; din[1]     ; fnd_on_1[4] ; 6.580 ; 6.697 ; 6.949 ; 7.072 ;
; din[1]     ; fnd_on_1[5] ;       ; 6.424 ; 6.700 ;       ;
; din[1]     ; fnd_on_1[6] ; 6.588 ; 6.698 ; 6.955 ; 7.071 ;
; din[2]     ; dout[2]     ; 6.434 ;       ;       ; 6.872 ;
; din[2]     ; dout[6]     ;       ; 5.250 ; 5.558 ;       ;
; din[2]     ; fnd_on_0[0] ; 6.992 ; 6.843 ; 7.373 ; 7.253 ;
; din[2]     ; fnd_on_0[1] ; 6.986 ;       ;       ; 7.260 ;
; din[2]     ; fnd_on_0[2] ; 6.548 ; 6.456 ; 6.930 ; 6.866 ;
; din[2]     ; fnd_on_0[3] ; 6.519 ; 6.415 ; 6.905 ; 6.828 ;
; din[2]     ; fnd_on_0[4] ; 6.510 ;       ;       ; 6.809 ;
; din[2]     ; fnd_on_0[5] ; 6.554 ; 6.458 ; 6.937 ; 6.871 ;
; din[2]     ; fnd_on_0[6] ; 6.437 ; 6.535 ; 6.849 ; 6.917 ;
; din[2]     ; fnd_on_1[0] ; 6.716 ; 6.822 ; 7.124 ; 7.203 ;
; din[2]     ; fnd_on_1[1] ;       ; 6.791 ; 7.093 ;       ;
; din[2]     ; fnd_on_1[2] ; 6.676 ; 6.805 ; 7.087 ; 7.188 ;
; din[2]     ; fnd_on_1[3] ; 6.741 ; 6.852 ; 7.152 ; 7.237 ;
; din[2]     ; fnd_on_1[4] ;       ; 6.809 ; 7.101 ;       ;
; din[2]     ; fnd_on_1[5] ; 6.442 ; 6.542 ; 6.853 ; 6.924 ;
; din[2]     ; fnd_on_1[6] ; 6.711 ; 6.821 ; 7.120 ; 7.204 ;
; din[3]     ; dout[3]     ; 5.299 ;       ;       ; 5.646 ;
; din[3]     ; dout[7]     ;       ; 5.316 ; 5.658 ;       ;
; din[3]     ; fnd_on_0[0] ; 7.089 ; 7.030 ; 7.584 ; 7.365 ;
; din[3]     ; fnd_on_0[1] ; 7.092 ;       ;       ; 7.381 ;
; din[3]     ; fnd_on_0[2] ; 6.660 ;       ;       ; 6.994 ;
; din[3]     ; fnd_on_0[3] ; 6.632 ; 6.616 ; 7.130 ; 6.954 ;
; din[3]     ; fnd_on_0[4] ; 6.633 ;       ;       ; 6.935 ;
; din[3]     ; fnd_on_0[5] ; 6.663 ; 6.655 ; 7.163 ; 6.997 ;
; din[3]     ; fnd_on_0[6] ; 6.575 ; 6.685 ; 7.031 ; 7.073 ;
; din[3]     ; fnd_on_1[0] ; 6.841 ; 6.932 ; 7.240 ; 7.350 ;
; din[3]     ; fnd_on_1[1] ;       ; 6.902 ; 7.241 ;       ;
; din[3]     ; fnd_on_1[2] ;       ; 6.919 ; 7.217 ;       ;
; din[3]     ; fnd_on_1[3] ; 6.871 ; 6.967 ; 7.274 ; 7.389 ;
; din[3]     ; fnd_on_1[4] ;       ; 6.952 ; 7.278 ;       ;
; din[3]     ; fnd_on_1[5] ; 6.579 ; 6.650 ; 6.979 ; 7.081 ;
; din[3]     ; fnd_on_1[6] ; 6.837 ; 6.920 ; 7.237 ; 7.351 ;
+------------+-------------+-------+-------+-------+-------+


---------------------------------------------
; Slow 1200mV 0C Model Metastability Report ;
---------------------------------------------
No synchronizer chains to report.


--------------------------------------
; Fast 1200mV 0C Model Setup Summary ;
--------------------------------------
No paths to report.


-------------------------------------
; Fast 1200mV 0C Model Hold Summary ;
-------------------------------------
No paths to report.


-----------------------------------------
; Fast 1200mV 0C Model Recovery Summary ;
-----------------------------------------
No paths to report.


----------------------------------------
; Fast 1200mV 0C Model Removal Summary ;
----------------------------------------
No paths to report.


----------------------------------------------------
; Fast 1200mV 0C Model Minimum Pulse Width Summary ;
----------------------------------------------------
No paths to report.


+----------------------------------------------------------+
; Propagation Delay                                        ;
+------------+-------------+-------+-------+-------+-------+
; Input Port ; Output Port ; RR    ; RF    ; FR    ; FF    ;
+------------+-------------+-------+-------+-------+-------+
; din[0]     ; dout[0]     ; 3.461 ;       ;       ; 3.998 ;
; din[0]     ; dout[4]     ;       ; 3.488 ; 4.022 ;       ;
; din[0]     ; fnd_on_0[0] ; 4.596 ; 4.659 ; 5.248 ; 5.323 ;
; din[0]     ; fnd_on_0[1] ; 4.592 ; 4.642 ; 5.234 ; 5.316 ;
; din[0]     ; fnd_on_0[2] ;       ; 4.359 ; 4.975 ;       ;
; din[0]     ; fnd_on_0[3] ; 4.323 ; 4.348 ; 4.976 ; 5.013 ;
; din[0]     ; fnd_on_0[4] ; 4.316 ;       ;       ; 5.001 ;
; din[0]     ; fnd_on_0[5] ; 4.339 ;       ;       ; 5.040 ;
; din[0]     ; fnd_on_0[6] ; 4.335 ;       ;       ; 4.959 ;
; din[0]     ; fnd_on_1[0] ; 4.553 ; 4.474 ; 5.206 ; 5.156 ;
; din[0]     ; fnd_on_1[1] ; 4.571 ; 4.460 ; 5.193 ; 5.171 ;
; din[0]     ; fnd_on_1[2] ; 4.568 ;       ;       ; 5.169 ;
; din[0]     ; fnd_on_1[3] ; 4.566 ; 4.518 ; 5.252 ; 5.173 ;
; din[0]     ; fnd_on_1[4] ;       ; 4.493 ; 5.213 ;       ;
; din[0]     ; fnd_on_1[5] ;       ; 4.284 ; 5.004 ;       ;
; din[0]     ; fnd_on_1[6] ;       ; 4.488 ; 5.205 ;       ;
; din[1]     ; dout[1]     ; 3.673 ;       ;       ; 4.231 ;
; din[1]     ; dout[5]     ;       ; 3.495 ; 4.033 ;       ;
; din[1]     ; fnd_on_0[0] ; 4.388 ; 4.460 ; 5.041 ; 5.106 ;
; din[1]     ; fnd_on_0[1] ; 4.392 ; 4.465 ; 5.046 ; 5.112 ;
; din[1]     ; fnd_on_0[2] ; 4.140 ;       ;       ; 4.829 ;
; din[1]     ; fnd_on_0[3] ; 4.118 ; 4.152 ; 4.772 ; 4.799 ;
; din[1]     ; fnd_on_0[4] ; 4.110 ; 4.128 ; 4.764 ; 4.775 ;
; din[1]     ; fnd_on_0[5] ; 4.132 ;       ;       ; 4.821 ;
; din[1]     ; fnd_on_0[6] ; 4.158 ; 4.116 ; 4.805 ; 4.770 ;
; din[1]     ; fnd_on_1[0] ; 4.361 ; 4.300 ; 5.007 ; 4.953 ;
; din[1]     ; fnd_on_1[1] ; 4.353 ; 4.293 ; 4.999 ; 4.946 ;
; din[1]     ; fnd_on_1[2] ;       ; 4.298 ; 5.000 ;       ;
; din[1]     ; fnd_on_1[3] ; 4.377 ; 4.318 ; 5.023 ; 4.971 ;
; din[1]     ; fnd_on_1[4] ; 4.338 ; 4.296 ; 4.984 ; 4.949 ;
; din[1]     ; fnd_on_1[5] ;       ; 4.115 ; 4.800 ;       ;
; din[1]     ; fnd_on_1[6] ; 4.329 ; 4.285 ; 4.976 ; 4.939 ;
; din[2]     ; dout[2]     ; 4.284 ;       ;       ; 4.967 ;
; din[2]     ; dout[6]     ;       ; 3.481 ; 4.012 ;       ;
; din[2]     ; fnd_on_0[0] ; 4.502 ; 4.570 ; 5.136 ; 5.223 ;
; din[2]     ; fnd_on_0[1] ; 4.502 ;       ;       ; 5.221 ;
; din[2]     ; fnd_on_0[2] ; 4.234 ; 4.274 ; 4.864 ; 4.923 ;
; din[2]     ; fnd_on_0[3] ; 4.215 ; 4.245 ; 4.846 ; 4.895 ;
; din[2]     ; fnd_on_0[4] ; 4.203 ;       ;       ; 4.868 ;
; din[2]     ; fnd_on_0[5] ; 4.232 ; 4.271 ; 4.864 ; 4.921 ;
; din[2]     ; fnd_on_0[6] ; 4.255 ; 4.216 ; 4.905 ; 4.848 ;
; din[2]     ; fnd_on_1[0] ; 4.472 ; 4.414 ; 5.123 ; 5.046 ;
; din[2]     ; fnd_on_1[1] ;       ; 4.392 ; 5.098 ;       ;
; din[2]     ; fnd_on_1[2] ; 4.442 ; 4.391 ; 5.092 ; 5.022 ;
; din[2]     ; fnd_on_1[3] ; 4.483 ; 4.427 ; 5.133 ; 5.058 ;
; din[2]     ; fnd_on_1[4] ;       ; 4.397 ; 5.089 ;       ;
; din[2]     ; fnd_on_1[5] ; 4.264 ; 4.228 ; 4.916 ; 4.862 ;
; din[2]     ; fnd_on_1[6] ; 4.440 ; 4.399 ; 5.091 ; 5.031 ;
; din[3]     ; dout[3]     ; 3.505 ;       ;       ; 4.073 ;
; din[3]     ; dout[7]     ;       ; 3.545 ; 4.090 ;       ;
; din[3]     ; fnd_on_0[0] ; 4.591 ; 4.692 ; 5.281 ; 5.329 ;
; din[3]     ; fnd_on_0[1] ; 4.601 ;       ;       ; 5.320 ;
; din[3]     ; fnd_on_0[2] ; 4.345 ;       ;       ; 5.050 ;
; din[3]     ; fnd_on_0[3] ; 4.317 ; 4.380 ; 5.010 ; 5.020 ;
; din[3]     ; fnd_on_0[4] ; 4.297 ;       ;       ; 4.962 ;
; din[3]     ; fnd_on_0[5] ; 4.340 ; 4.405 ; 5.025 ; 5.043 ;
; din[3]     ; fnd_on_0[6] ; 4.385 ; 4.332 ; 5.042 ; 5.002 ;
; din[3]     ; fnd_on_1[0] ; 4.553 ; 4.519 ; 5.248 ; 5.147 ;
; din[3]     ; fnd_on_1[1] ;       ; 4.506 ; 5.220 ;       ;
; din[3]     ; fnd_on_1[2] ;       ; 4.513 ; 5.235 ;       ;
; din[3]     ; fnd_on_1[3] ; 4.566 ; 4.528 ; 5.261 ; 5.162 ;
; din[3]     ; fnd_on_1[4] ;       ; 4.503 ; 5.219 ;       ;
; din[3]     ; fnd_on_1[5] ; 4.344 ; 4.332 ; 5.039 ; 4.960 ;
; din[3]     ; fnd_on_1[6] ; 4.536 ; 4.499 ; 5.217 ; 5.155 ;
+------------+-------------+-------+-------+-------+-------+


+----------------------------------------------------------+
; Minimum Propagation Delay                                ;
+------------+-------------+-------+-------+-------+-------+
; Input Port ; Output Port ; RR    ; RF    ; FR    ; FF    ;
+------------+-------------+-------+-------+-------+-------+
; din[0]     ; dout[0]     ; 3.391 ;       ;       ; 3.923 ;
; din[0]     ; dout[4]     ;       ; 3.418 ; 3.946 ;       ;
; din[0]     ; fnd_on_0[0] ; 4.474 ; 4.535 ; 5.117 ; 5.190 ;
; din[0]     ; fnd_on_0[1] ; 4.472 ; 4.520 ; 5.103 ; 5.182 ;
; din[0]     ; fnd_on_0[2] ;       ; 4.247 ; 4.856 ;       ;
; din[0]     ; fnd_on_0[3] ; 4.185 ; 4.237 ; 4.857 ; 4.858 ;
; din[0]     ; fnd_on_0[4] ; 4.178 ;       ;       ; 4.835 ;
; din[0]     ; fnd_on_0[5] ; 4.228 ;       ;       ; 4.918 ;
; din[0]     ; fnd_on_0[6] ; 4.223 ;       ;       ; 4.839 ;
; din[0]     ; fnd_on_1[0] ; 4.435 ; 4.359 ; 5.078 ; 5.030 ;
; din[0]     ; fnd_on_1[1] ; 4.450 ; 4.345 ; 5.065 ; 5.044 ;
; din[0]     ; fnd_on_1[2] ; 4.447 ;       ;       ; 5.041 ;
; din[0]     ; fnd_on_1[3] ; 4.446 ; 4.372 ; 5.092 ; 5.046 ;
; din[0]     ; fnd_on_1[4] ;       ; 4.348 ; 5.038 ;       ;
; din[0]     ; fnd_on_1[5] ;       ; 4.176 ; 4.882 ;       ;
; din[0]     ; fnd_on_1[6] ;       ; 4.372 ; 5.075 ;       ;
; din[1]     ; dout[1]     ; 3.595 ;       ;       ; 4.147 ;
; din[1]     ; dout[5]     ;       ; 3.425 ; 3.958 ;       ;
; din[1]     ; fnd_on_0[0] ; 4.274 ; 4.345 ; 4.917 ; 4.981 ;
; din[1]     ; fnd_on_0[1] ; 4.279 ; 4.350 ; 4.923 ; 4.987 ;
; din[1]     ; fnd_on_0[2] ; 4.037 ;       ;       ; 4.715 ;
; din[1]     ; fnd_on_0[3] ; 4.016 ; 4.050 ; 4.660 ; 4.687 ;
; din[1]     ; fnd_on_0[4] ; 4.008 ; 4.026 ; 4.653 ; 4.664 ;
; din[1]     ; fnd_on_0[5] ; 4.029 ;       ;       ; 4.707 ;
; din[1]     ; fnd_on_0[6] ; 4.054 ; 4.014 ; 4.691 ; 4.658 ;
; din[1]     ; fnd_on_1[0] ; 4.251 ; 4.191 ; 4.888 ; 4.835 ;
; din[1]     ; fnd_on_1[1] ; 4.242 ; 4.184 ; 4.879 ; 4.828 ;
; din[1]     ; fnd_on_1[2] ;       ; 4.188 ; 4.880 ;       ;
; din[1]     ; fnd_on_1[3] ; 4.265 ; 4.207 ; 4.902 ; 4.851 ;
; din[1]     ; fnd_on_1[4] ; 4.228 ; 4.187 ; 4.864 ; 4.830 ;
; din[1]     ; fnd_on_1[5] ;       ; 4.013 ; 4.687 ;       ;
; din[1]     ; fnd_on_1[6] ; 4.219 ; 4.176 ; 4.857 ; 4.821 ;
; din[2]     ; dout[2]     ; 4.214 ;       ;       ; 4.892 ;
; din[2]     ; dout[6]     ;       ; 3.411 ; 3.937 ;       ;
; din[2]     ; fnd_on_0[0] ; 4.384 ; 4.450 ; 5.008 ; 5.093 ;
; din[2]     ; fnd_on_0[1] ; 4.384 ;       ;       ; 5.092 ;
; din[2]     ; fnd_on_0[2] ; 4.128 ; 4.165 ; 4.749 ; 4.805 ;
; din[2]     ; fnd_on_0[3] ; 4.109 ; 4.138 ; 4.731 ; 4.779 ;
; din[2]     ; fnd_on_0[4] ; 4.098 ;       ;       ; 4.753 ;
; din[2]     ; fnd_on_0[5] ; 4.125 ; 4.161 ; 4.747 ; 4.803 ;
; din[2]     ; fnd_on_0[6] ; 4.145 ; 4.110 ; 4.787 ; 4.732 ;
; din[2]     ; fnd_on_1[0] ; 4.357 ; 4.301 ; 4.998 ; 4.923 ;
; din[2]     ; fnd_on_1[1] ;       ; 4.280 ; 4.974 ;       ;
; din[2]     ; fnd_on_1[2] ; 4.327 ; 4.278 ; 4.968 ; 4.900 ;
; din[2]     ; fnd_on_1[3] ; 4.366 ; 4.312 ; 5.008 ; 4.935 ;
; din[2]     ; fnd_on_1[4] ;       ; 4.284 ; 4.965 ;       ;
; din[2]     ; fnd_on_1[5] ; 4.153 ; 4.121 ; 4.797 ; 4.745 ;
; din[2]     ; fnd_on_1[6] ; 4.325 ; 4.286 ; 4.966 ; 4.908 ;
; din[3]     ; dout[3]     ; 3.435 ;       ;       ; 3.996 ;
; din[3]     ; dout[7]     ;       ; 3.474 ; 4.013 ;       ;
; din[3]     ; fnd_on_0[0] ; 4.448 ; 4.566 ; 5.148 ; 5.160 ;
; din[3]     ; fnd_on_0[1] ; 4.453 ;       ;       ; 5.169 ;
; din[3]     ; fnd_on_0[2] ; 4.208 ;       ;       ; 4.892 ;
; din[3]     ; fnd_on_0[3] ; 4.187 ; 4.268 ; 4.888 ; 4.863 ;
; din[3]     ; fnd_on_0[4] ; 4.188 ;       ;       ; 4.842 ;
; din[3]     ; fnd_on_0[5] ; 4.203 ; 4.290 ; 4.903 ; 4.885 ;
; din[3]     ; fnd_on_0[6] ; 4.235 ; 4.216 ; 4.905 ; 4.840 ;
; din[3]     ; fnd_on_1[0] ; 4.435 ; 4.373 ; 5.072 ; 5.021 ;
; din[3]     ; fnd_on_1[1] ;       ; 4.355 ; 5.075 ;       ;
; din[3]     ; fnd_on_1[2] ;       ; 4.362 ; 5.059 ;       ;
; din[3]     ; fnd_on_1[3] ; 4.447 ; 4.387 ; 5.083 ; 5.034 ;
; din[3]     ; fnd_on_1[4] ;       ; 4.378 ; 5.077 ;       ;
; din[3]     ; fnd_on_1[5] ; 4.233 ; 4.188 ; 4.869 ; 4.841 ;
; din[3]     ; fnd_on_1[6] ; 4.404 ; 4.353 ; 5.041 ; 5.007 ;
+------------+-------------+-------+-------+-------+-------+


---------------------------------------------
; Fast 1200mV 0C Model Metastability Report ;
---------------------------------------------
No synchronizer chains to report.


+----------------------------------------------------------------------------+
; Multicorner Timing Analysis Summary                                        ;
+------------------+-------+------+----------+---------+---------------------+
; Clock            ; Setup ; Hold ; Recovery ; Removal ; Minimum Pulse Width ;
+------------------+-------+------+----------+---------+---------------------+
; Worst-case Slack ; N/A   ; N/A  ; N/A      ; N/A     ; N/A                 ;
; Design-wide TNS  ; 0.0   ; 0.0  ; 0.0      ; 0.0     ; 0.0                 ;
+------------------+-------+------+----------+---------+---------------------+


+----------------------------------------------------------+
; Propagation Delay                                        ;
+------------+-------------+-------+-------+-------+-------+
; Input Port ; Output Port ; RR    ; RF    ; FR    ; FF    ;
+------------+-------------+-------+-------+-------+-------+
; din[0]     ; dout[0]     ; 5.712 ;       ;       ; 6.112 ;
; din[0]     ; dout[4]     ;       ; 5.792 ; 6.154 ;       ;
; din[0]     ; fnd_on_0[0] ; 7.895 ; 7.806 ; 8.409 ; 8.348 ;
; din[0]     ; fnd_on_0[1] ; 7.882 ; 7.775 ; 8.370 ; 8.323 ;
; din[0]     ; fnd_on_0[2] ;       ; 7.317 ; 7.890 ;       ;
; din[0]     ; fnd_on_0[3] ; 7.382 ; 7.303 ; 7.897 ; 7.846 ;
; din[0]     ; fnd_on_0[4] ; 7.369 ;       ;       ; 7.836 ;
; din[0]     ; fnd_on_0[5] ; 7.421 ;       ;       ; 7.896 ;
; din[0]     ; fnd_on_0[6] ; 7.289 ;       ;       ; 7.876 ;
; din[0]     ; fnd_on_1[0] ; 7.620 ; 7.641 ; 8.137 ; 8.208 ;
; din[0]     ; fnd_on_1[1] ; 7.670 ; 7.621 ; 8.135 ; 8.238 ;
; din[0]     ; fnd_on_1[2] ; 7.655 ;       ;       ; 8.240 ;
; din[0]     ; fnd_on_1[3] ; 7.652 ; 7.734 ; 8.229 ; 8.250 ;
; din[0]     ; fnd_on_1[4] ;       ; 7.683 ; 8.178 ;       ;
; din[0]     ; fnd_on_1[5] ;       ; 7.338 ; 7.830 ;       ;
; din[0]     ; fnd_on_1[6] ;       ; 7.686 ; 8.178 ;       ;
; din[1]     ; dout[1]     ; 6.045 ;       ;       ; 6.483 ;
; din[1]     ; dout[5]     ;       ; 5.744 ; 6.154 ;       ;
; din[1]     ; fnd_on_0[0] ; 7.555 ; 7.472 ; 8.041 ; 7.949 ;
; din[1]     ; fnd_on_0[1] ; 7.550 ; 7.475 ; 8.041 ; 7.957 ;
; din[1]     ; fnd_on_0[2] ; 7.075 ;       ;       ; 7.496 ;
; din[1]     ; fnd_on_0[3] ; 7.045 ; 6.972 ; 7.533 ; 7.451 ;
; din[1]     ; fnd_on_0[4] ; 7.032 ; 6.946 ; 7.516 ; 7.421 ;
; din[1]     ; fnd_on_0[5] ; 7.086 ;       ;       ; 7.499 ;
; din[1]     ; fnd_on_0[6] ; 6.996 ; 7.059 ; 7.474 ; 7.546 ;
; din[1]     ; fnd_on_1[0] ; 7.304 ; 7.367 ; 7.779 ; 7.851 ;
; din[1]     ; fnd_on_1[1] ; 7.304 ; 7.354 ; 7.781 ; 7.840 ;
; din[1]     ; fnd_on_1[2] ;       ; 7.371 ; 7.769 ;       ;
; din[1]     ; fnd_on_1[3] ; 7.331 ; 7.404 ; 7.814 ; 7.896 ;
; din[1]     ; fnd_on_1[4] ; 7.285 ; 7.357 ; 7.763 ; 7.844 ;
; din[1]     ; fnd_on_1[5] ;       ; 7.059 ; 7.473 ;       ;
; din[1]     ; fnd_on_1[6] ; 7.285 ; 7.361 ; 7.761 ; 7.846 ;
; din[2]     ; dout[2]     ; 6.924 ;       ;       ; 7.438 ;
; din[2]     ; dout[6]     ;       ; 5.741 ; 6.115 ;       ;
; din[2]     ; fnd_on_0[0] ; 7.727 ; 7.639 ; 8.196 ; 8.142 ;
; din[2]     ; fnd_on_0[1] ; 7.719 ;       ;       ; 8.141 ;
; din[2]     ; fnd_on_0[2] ; 7.227 ; 7.167 ; 7.693 ; 7.665 ;
; din[2]     ; fnd_on_0[3] ; 7.198 ; 7.120 ; 7.667 ; 7.624 ;
; din[2]     ; fnd_on_0[4] ; 7.184 ;       ;       ; 7.590 ;
; din[2]     ; fnd_on_0[5] ; 7.241 ; 7.174 ; 7.706 ; 7.670 ;
; din[2]     ; fnd_on_0[6] ; 7.152 ; 7.217 ; 7.652 ; 7.686 ;
; din[2]     ; fnd_on_1[0] ; 7.475 ; 7.538 ; 7.970 ; 8.002 ;
; din[2]     ; fnd_on_1[1] ;       ; 7.507 ; 7.956 ;       ;
; din[2]     ; fnd_on_1[2] ; 7.441 ; 7.521 ; 7.940 ; 7.987 ;
; din[2]     ; fnd_on_1[3] ; 7.500 ; 7.575 ; 7.999 ; 8.041 ;
; din[2]     ; fnd_on_1[4] ;       ; 7.516 ; 7.941 ;       ;
; din[2]     ; fnd_on_1[5] ; 7.159 ; 7.227 ; 7.654 ; 7.692 ;
; din[2]     ; fnd_on_1[6] ; 7.455 ; 7.533 ; 7.951 ; 7.996 ;
; din[3]     ; dout[3]     ; 5.796 ;       ;       ; 6.212 ;
; din[3]     ; dout[7]     ;       ; 5.813 ; 6.229 ;       ;
; din[3]     ; fnd_on_0[0] ; 7.894 ; 7.870 ; 8.455 ; 8.343 ;
; din[3]     ; fnd_on_0[1] ; 7.905 ;       ;       ; 8.330 ;
; din[3]     ; fnd_on_0[2] ; 7.422 ;       ;       ; 7.888 ;
; din[3]     ; fnd_on_0[3] ; 7.381 ; 7.367 ; 7.945 ; 7.843 ;
; din[3]     ; fnd_on_0[4] ; 7.343 ;       ;       ; 7.757 ;
; din[3]     ; fnd_on_0[5] ; 7.430 ; 7.413 ; 7.988 ; 7.894 ;
; din[3]     ; fnd_on_0[6] ; 7.384 ; 7.419 ; 7.895 ; 7.944 ;
; din[3]     ; fnd_on_1[0] ; 7.629 ; 7.729 ; 8.203 ; 8.187 ;
; din[3]     ; fnd_on_1[1] ;       ; 7.711 ; 8.180 ;       ;
; din[3]     ; fnd_on_1[2] ;       ; 7.731 ; 8.189 ;       ;
; din[3]     ; fnd_on_1[3] ; 7.661 ; 7.760 ; 8.239 ; 8.233 ;
; din[3]     ; fnd_on_1[4] ;       ; 7.709 ; 8.187 ;       ;
; din[3]     ; fnd_on_1[5] ; 7.322 ; 7.427 ; 7.896 ; 7.885 ;
; din[3]     ; fnd_on_1[6] ; 7.634 ; 7.712 ; 8.185 ; 8.215 ;
+------------+-------------+-------+-------+-------+-------+


+----------------------------------------------------------+
; Minimum Propagation Delay                                ;
+------------+-------------+-------+-------+-------+-------+
; Input Port ; Output Port ; RR    ; RF    ; FR    ; FF    ;
+------------+-------------+-------+-------+-------+-------+
; din[0]     ; dout[0]     ; 3.391 ;       ;       ; 3.923 ;
; din[0]     ; dout[4]     ;       ; 3.418 ; 3.946 ;       ;
; din[0]     ; fnd_on_0[0] ; 4.474 ; 4.535 ; 5.117 ; 5.190 ;
; din[0]     ; fnd_on_0[1] ; 4.472 ; 4.520 ; 5.103 ; 5.182 ;
; din[0]     ; fnd_on_0[2] ;       ; 4.247 ; 4.856 ;       ;
; din[0]     ; fnd_on_0[3] ; 4.185 ; 4.237 ; 4.857 ; 4.858 ;
; din[0]     ; fnd_on_0[4] ; 4.178 ;       ;       ; 4.835 ;
; din[0]     ; fnd_on_0[5] ; 4.228 ;       ;       ; 4.918 ;
; din[0]     ; fnd_on_0[6] ; 4.223 ;       ;       ; 4.839 ;
; din[0]     ; fnd_on_1[0] ; 4.435 ; 4.359 ; 5.078 ; 5.030 ;
; din[0]     ; fnd_on_1[1] ; 4.450 ; 4.345 ; 5.065 ; 5.044 ;
; din[0]     ; fnd_on_1[2] ; 4.447 ;       ;       ; 5.041 ;
; din[0]     ; fnd_on_1[3] ; 4.446 ; 4.372 ; 5.092 ; 5.046 ;
; din[0]     ; fnd_on_1[4] ;       ; 4.348 ; 5.038 ;       ;
; din[0]     ; fnd_on_1[5] ;       ; 4.176 ; 4.882 ;       ;
; din[0]     ; fnd_on_1[6] ;       ; 4.372 ; 5.075 ;       ;
; din[1]     ; dout[1]     ; 3.595 ;       ;       ; 4.147 ;
; din[1]     ; dout[5]     ;       ; 3.425 ; 3.958 ;       ;
; din[1]     ; fnd_on_0[0] ; 4.274 ; 4.345 ; 4.917 ; 4.981 ;
; din[1]     ; fnd_on_0[1] ; 4.279 ; 4.350 ; 4.923 ; 4.987 ;
; din[1]     ; fnd_on_0[2] ; 4.037 ;       ;       ; 4.715 ;
; din[1]     ; fnd_on_0[3] ; 4.016 ; 4.050 ; 4.660 ; 4.687 ;
; din[1]     ; fnd_on_0[4] ; 4.008 ; 4.026 ; 4.653 ; 4.664 ;
; din[1]     ; fnd_on_0[5] ; 4.029 ;       ;       ; 4.707 ;
; din[1]     ; fnd_on_0[6] ; 4.054 ; 4.014 ; 4.691 ; 4.658 ;
; din[1]     ; fnd_on_1[0] ; 4.251 ; 4.191 ; 4.888 ; 4.835 ;
; din[1]     ; fnd_on_1[1] ; 4.242 ; 4.184 ; 4.879 ; 4.828 ;
; din[1]     ; fnd_on_1[2] ;       ; 4.188 ; 4.880 ;       ;
; din[1]     ; fnd_on_1[3] ; 4.265 ; 4.207 ; 4.902 ; 4.851 ;
; din[1]     ; fnd_on_1[4] ; 4.228 ; 4.187 ; 4.864 ; 4.830 ;
; din[1]     ; fnd_on_1[5] ;       ; 4.013 ; 4.687 ;       ;
; din[1]     ; fnd_on_1[6] ; 4.219 ; 4.176 ; 4.857 ; 4.821 ;
; din[2]     ; dout[2]     ; 4.214 ;       ;       ; 4.892 ;
; din[2]     ; dout[6]     ;       ; 3.411 ; 3.937 ;       ;
; din[2]     ; fnd_on_0[0] ; 4.384 ; 4.450 ; 5.008 ; 5.093 ;
; din[2]     ; fnd_on_0[1] ; 4.384 ;       ;       ; 5.092 ;
; din[2]     ; fnd_on_0[2] ; 4.128 ; 4.165 ; 4.749 ; 4.805 ;
; din[2]     ; fnd_on_0[3] ; 4.109 ; 4.138 ; 4.731 ; 4.779 ;
; din[2]     ; fnd_on_0[4] ; 4.098 ;       ;       ; 4.753 ;
; din[2]     ; fnd_on_0[5] ; 4.125 ; 4.161 ; 4.747 ; 4.803 ;
; din[2]     ; fnd_on_0[6] ; 4.145 ; 4.110 ; 4.787 ; 4.732 ;
; din[2]     ; fnd_on_1[0] ; 4.357 ; 4.301 ; 4.998 ; 4.923 ;
; din[2]     ; fnd_on_1[1] ;       ; 4.280 ; 4.974 ;       ;
; din[2]     ; fnd_on_1[2] ; 4.327 ; 4.278 ; 4.968 ; 4.900 ;
; din[2]     ; fnd_on_1[3] ; 4.366 ; 4.312 ; 5.008 ; 4.935 ;
; din[2]     ; fnd_on_1[4] ;       ; 4.284 ; 4.965 ;       ;
; din[2]     ; fnd_on_1[5] ; 4.153 ; 4.121 ; 4.797 ; 4.745 ;
; din[2]     ; fnd_on_1[6] ; 4.325 ; 4.286 ; 4.966 ; 4.908 ;
; din[3]     ; dout[3]     ; 3.435 ;       ;       ; 3.996 ;
; din[3]     ; dout[7]     ;       ; 3.474 ; 4.013 ;       ;
; din[3]     ; fnd_on_0[0] ; 4.448 ; 4.566 ; 5.148 ; 5.160 ;
; din[3]     ; fnd_on_0[1] ; 4.453 ;       ;       ; 5.169 ;
; din[3]     ; fnd_on_0[2] ; 4.208 ;       ;       ; 4.892 ;
; din[3]     ; fnd_on_0[3] ; 4.187 ; 4.268 ; 4.888 ; 4.863 ;
; din[3]     ; fnd_on_0[4] ; 4.188 ;       ;       ; 4.842 ;
; din[3]     ; fnd_on_0[5] ; 4.203 ; 4.290 ; 4.903 ; 4.885 ;
; din[3]     ; fnd_on_0[6] ; 4.235 ; 4.216 ; 4.905 ; 4.840 ;
; din[3]     ; fnd_on_1[0] ; 4.435 ; 4.373 ; 5.072 ; 5.021 ;
; din[3]     ; fnd_on_1[1] ;       ; 4.355 ; 5.075 ;       ;
; din[3]     ; fnd_on_1[2] ;       ; 4.362 ; 5.059 ;       ;
; din[3]     ; fnd_on_1[3] ; 4.447 ; 4.387 ; 5.083 ; 5.034 ;
; din[3]     ; fnd_on_1[4] ;       ; 4.378 ; 5.077 ;       ;
; din[3]     ; fnd_on_1[5] ; 4.233 ; 4.188 ; 4.869 ; 4.841 ;
; din[3]     ; fnd_on_1[6] ; 4.404 ; 4.353 ; 5.041 ; 5.007 ;
+------------+-------------+-------+-------+-------+-------+


+------------------------------------------------------------------------------------------------------------------------------------------------------------------------------------------------------------------------------------------------------------------------------------------------------------------------------------------------------------------------------------------------------------------+
; Board Trace Model Assignments                                                                                                                                                                                                                                                                                                                                                                                    ;
+---------------+--------------+-------------------+-------------------------+-------------------------+---------------+---------------------+----------------+------------------+--------+------------------+------------------------+------------------------+--------------+---------------+-----------------+-------+---------------------+--------------------+---------------+-----------------+-------------+
; Pin           ; I/O Standard ; Near Tline Length ; Near Tline L per Length ; Near Tline C per Length ; Near Series R ; Near Differential R ; Near Pull-up R ; Near Pull-down R ; Near C ; Far Tline Length ; Far Tline L per Length ; Far Tline C per Length ; Far Series R ; Far Pull-up R ; Far Pull-down R ; Far C ; Termination Voltage ; Far Differential R ; EBD File Name ; EBD Signal Name ; EBD Far-end ;
+---------------+--------------+-------------------+-------------------------+-------------------------+---------------+---------------------+----------------+------------------+--------+------------------+------------------------+------------------------+--------------+---------------+-----------------+-------+---------------------+--------------------+---------------+-----------------+-------------+
; dout[0]       ; 2.5 V        ; 0 in              ; 0 H/in                  ; 0 F/in                  ; short         ; -                   ; open           ; open             ; open   ; 0 in             ; 0 H/in                 ; 0 F/in                 ; short        ; open          ; open            ; open  ; 0 V                 ; -                  ; n/a           ; n/a             ; n/a         ;
; dout[1]       ; 2.5 V        ; 0 in              ; 0 H/in                  ; 0 F/in                  ; short         ; -                   ; open           ; open             ; open   ; 0 in             ; 0 H/in                 ; 0 F/in                 ; short        ; open          ; open            ; open  ; 0 V                 ; -                  ; n/a           ; n/a             ; n/a         ;
; dout[2]       ; 2.5 V        ; 0 in              ; 0 H/in                  ; 0 F/in                  ; short         ; -                   ; open           ; open             ; open   ; 0 in             ; 0 H/in                 ; 0 F/in                 ; short        ; open          ; open            ; open  ; 0 V                 ; -                  ; n/a           ; n/a             ; n/a         ;
; dout[3]       ; 2.5 V        ; 0 in              ; 0 H/in                  ; 0 F/in                  ; short         ; -                   ; open           ; open             ; open   ; 0 in             ; 0 H/in                 ; 0 F/in                 ; short        ; open          ; open            ; open  ; 0 V                 ; -                  ; n/a           ; n/a             ; n/a         ;
; dout[4]       ; 2.5 V        ; 0 in              ; 0 H/in                  ; 0 F/in                  ; short         ; -                   ; open           ; open             ; open   ; 0 in             ; 0 H/in                 ; 0 F/in                 ; short        ; open          ; open            ; open  ; 0 V                 ; -                  ; n/a           ; n/a             ; n/a         ;
; dout[5]       ; 2.5 V        ; 0 in              ; 0 H/in                  ; 0 F/in                  ; short         ; -                   ; open           ; open             ; open   ; 0 in             ; 0 H/in                 ; 0 F/in                 ; short        ; open          ; open            ; open  ; 0 V                 ; -                  ; n/a           ; n/a             ; n/a         ;
; dout[6]       ; 2.5 V        ; 0 in              ; 0 H/in                  ; 0 F/in                  ; short         ; -                   ; open           ; open             ; open   ; 0 in             ; 0 H/in                 ; 0 F/in                 ; short        ; open          ; open            ; open  ; 0 V                 ; -                  ; n/a           ; n/a             ; n/a         ;
; dout[7]       ; 2.5 V        ; 0 in              ; 0 H/in                  ; 0 F/in                  ; short         ; -                   ; open           ; open             ; open   ; 0 in             ; 0 H/in                 ; 0 F/in                 ; short        ; open          ; open            ; open  ; 0 V                 ; -                  ; n/a           ; n/a             ; n/a         ;
; fnd_on_0[0]   ; 2.5 V        ; 0 in              ; 0 H/in                  ; 0 F/in                  ; short         ; -                   ; open           ; open             ; open   ; 0 in             ; 0 H/in                 ; 0 F/in                 ; short        ; open          ; open            ; open  ; 0 V                 ; -                  ; n/a           ; n/a             ; n/a         ;
; fnd_on_0[1]   ; 2.5 V        ; 0 in              ; 0 H/in                  ; 0 F/in                  ; short         ; -                   ; open           ; open             ; open   ; 0 in             ; 0 H/in                 ; 0 F/in                 ; short        ; open          ; open            ; open  ; 0 V                 ; -                  ; n/a           ; n/a             ; n/a         ;
; fnd_on_0[2]   ; 2.5 V        ; 0 in              ; 0 H/in                  ; 0 F/in                  ; short         ; -                   ; open           ; open             ; open   ; 0 in             ; 0 H/in                 ; 0 F/in                 ; short        ; open          ; open            ; open  ; 0 V                 ; -                  ; n/a           ; n/a             ; n/a         ;
; fnd_on_0[3]   ; 2.5 V        ; 0 in              ; 0 H/in                  ; 0 F/in                  ; short         ; -                   ; open           ; open             ; open   ; 0 in             ; 0 H/in                 ; 0 F/in                 ; short        ; open          ; open            ; open  ; 0 V                 ; -                  ; n/a           ; n/a             ; n/a         ;
; fnd_on_0[4]   ; 2.5 V        ; 0 in              ; 0 H/in                  ; 0 F/in                  ; short         ; -                   ; open           ; open             ; open   ; 0 in             ; 0 H/in                 ; 0 F/in                 ; short        ; open          ; open            ; open  ; 0 V                 ; -                  ; n/a           ; n/a             ; n/a         ;
; fnd_on_0[5]   ; 2.5 V        ; 0 in              ; 0 H/in                  ; 0 F/in                  ; short         ; -                   ; open           ; open             ; open   ; 0 in             ; 0 H/in                 ; 0 F/in                 ; short        ; open          ; open            ; open  ; 0 V                 ; -                  ; n/a           ; n/a             ; n/a         ;
; fnd_on_0[6]   ; 2.5 V        ; 0 in              ; 0 H/in                  ; 0 F/in                  ; short         ; -                   ; open           ; open             ; open   ; 0 in             ; 0 H/in                 ; 0 F/in                 ; short        ; open          ; open            ; open  ; 0 V                 ; -                  ; n/a           ; n/a             ; n/a         ;
; fnd_on_1[0]   ; 2.5 V        ; 0 in              ; 0 H/in                  ; 0 F/in                  ; short         ; -                   ; open           ; open             ; open   ; 0 in             ; 0 H/in                 ; 0 F/in                 ; short        ; open          ; open            ; open  ; 0 V                 ; -                  ; n/a           ; n/a             ; n/a         ;
; fnd_on_1[1]   ; 2.5 V        ; 0 in              ; 0 H/in                  ; 0 F/in                  ; short         ; -                   ; open           ; open             ; open   ; 0 in             ; 0 H/in                 ; 0 F/in                 ; short        ; open          ; open            ; open  ; 0 V                 ; -                  ; n/a           ; n/a             ; n/a         ;
; fnd_on_1[2]   ; 2.5 V        ; 0 in              ; 0 H/in                  ; 0 F/in                  ; short         ; -                   ; open           ; open             ; open   ; 0 in             ; 0 H/in                 ; 0 F/in                 ; short        ; open          ; open            ; open  ; 0 V                 ; -                  ; n/a           ; n/a             ; n/a         ;
; fnd_on_1[3]   ; 2.5 V        ; 0 in              ; 0 H/in                  ; 0 F/in                  ; short         ; -                   ; open           ; open             ; open   ; 0 in             ; 0 H/in                 ; 0 F/in                 ; short        ; open          ; open            ; open  ; 0 V                 ; -                  ; n/a           ; n/a             ; n/a         ;
; fnd_on_1[4]   ; 2.5 V        ; 0 in              ; 0 H/in                  ; 0 F/in                  ; short         ; -                   ; open           ; open             ; open   ; 0 in             ; 0 H/in                 ; 0 F/in                 ; short        ; open          ; open            ; open  ; 0 V                 ; -                  ; n/a           ; n/a             ; n/a         ;
; fnd_on_1[5]   ; 2.5 V        ; 0 in              ; 0 H/in                  ; 0 F/in                  ; short         ; -                   ; open           ; open             ; open   ; 0 in             ; 0 H/in                 ; 0 F/in                 ; short        ; open          ; open            ; open  ; 0 V                 ; -                  ; n/a           ; n/a             ; n/a         ;
; fnd_on_1[6]   ; 2.5 V        ; 0 in              ; 0 H/in                  ; 0 F/in                  ; short         ; -                   ; open           ; open             ; open   ; 0 in             ; 0 H/in                 ; 0 F/in                 ; short        ; open          ; open            ; open  ; 0 V                 ; -                  ; n/a           ; n/a             ; n/a         ;
; ~ALTERA_DCLK~ ; 2.5 V        ; 0 in              ; 0 H/in                  ; 0 F/in                  ; short         ; -                   ; open           ; open             ; open   ; 0 in             ; 0 H/in                 ; 0 F/in                 ; short        ; open          ; open            ; open  ; 0 V                 ; -                  ; n/a           ; n/a             ; n/a         ;
; ~ALTERA_nCEO~ ; 2.5 V        ; 0 in              ; 0 H/in                  ; 0 F/in                  ; short         ; -                   ; open           ; open             ; open   ; 0 in             ; 0 H/in                 ; 0 F/in                 ; short        ; open          ; open            ; open  ; 0 V                 ; -                  ; n/a           ; n/a             ; n/a         ;
+---------------+--------------+-------------------+-------------------------+-------------------------+---------------+---------------------+----------------+------------------+--------+------------------+------------------------+------------------------+--------------+---------------+-----------------+-------+---------------------+--------------------+---------------+-----------------+-------------+


+----------------------------------------------------------------------------+
; Input Transition Times                                                     ;
+-------------------------+--------------+-----------------+-----------------+
; Pin                     ; I/O Standard ; 10-90 Rise Time ; 90-10 Fall Time ;
+-------------------------+--------------+-----------------+-----------------+
; din[0]                  ; 2.5 V        ; 2000 ps         ; 2000 ps         ;
; din[1]                  ; 2.5 V        ; 2000 ps         ; 2000 ps         ;
; din[2]                  ; 2.5 V        ; 2000 ps         ; 2000 ps         ;
; din[3]                  ; 2.5 V        ; 2000 ps         ; 2000 ps         ;
; ~ALTERA_ASDO_DATA1~     ; 2.5 V        ; 2000 ps         ; 2000 ps         ;
; ~ALTERA_FLASH_nCE_nCSO~ ; 2.5 V        ; 2000 ps         ; 2000 ps         ;
; ~ALTERA_DATA0~          ; 2.5 V        ; 2000 ps         ; 2000 ps         ;
+-------------------------+--------------+-----------------+-----------------+


+--------------------------------------------------------------------------------------------------------------------------------------------------------------------------------------------------------------------------------------------------------------------------------------------------------------------------------------------------------------------------------------------------------------------------------------------------------------------------------------------------------------------------------------------------------------------------------------------------------------------------------------------------------------------------------------------+
; Slow Corner Signal Integrity Metrics                                                                                                                                                                                                                                                                                                                                                                                                                                                                                                                                                                                                                                                       ;
+---------------+--------------+---------------------+---------------------+------------------------------+------------------------------+---------------------+---------------------+--------------------------------------+--------------------------------------+-----------------------------+-----------------------------+----------------------------+----------------------------+-----------------------------+-----------------------------+--------------------+--------------------+-------------------------------------+-------------------------------------+----------------------------+----------------------------+---------------------------+---------------------------+
; Pin           ; I/O Standard ; Board Delay on Rise ; Board Delay on Fall ; Steady State Voh at FPGA Pin ; Steady State Vol at FPGA Pin ; Voh Max at FPGA Pin ; Vol Min at FPGA Pin ; Ringback Voltage on Rise at FPGA Pin ; Ringback Voltage on Fall at FPGA Pin ; 10-90 Rise Time at FPGA Pin ; 90-10 Fall Time at FPGA Pin ; Monotonic Rise at FPGA Pin ; Monotonic Fall at FPGA Pin ; Steady State Voh at Far-end ; Steady State Vol at Far-end ; Voh Max at Far-end ; Vol Min at Far-end ; Ringback Voltage on Rise at Far-end ; Ringback Voltage on Fall at Far-end ; 10-90 Rise Time at Far-end ; 90-10 Fall Time at Far-end ; Monotonic Rise at Far-end ; Monotonic Fall at Far-end ;
+---------------+--------------+---------------------+---------------------+------------------------------+------------------------------+---------------------+---------------------+--------------------------------------+--------------------------------------+-----------------------------+-----------------------------+----------------------------+----------------------------+-----------------------------+-----------------------------+--------------------+--------------------+-------------------------------------+-------------------------------------+----------------------------+----------------------------+---------------------------+---------------------------+
; dout[0]       ; 2.5 V        ; 0 s                 ; 0 s                 ; 2.32 V                       ; 7.25e-07 V                   ; 2.35 V              ; -0.0111 V           ; 0.113 V                              ; 0.035 V                              ; 7.76e-10 s                  ; 8.04e-10 s                  ; Yes                        ; Yes                        ; 2.32 V                      ; 7.25e-07 V                  ; 2.35 V             ; -0.0111 V          ; 0.113 V                             ; 0.035 V                             ; 7.76e-10 s                 ; 8.04e-10 s                 ; Yes                       ; Yes                       ;
; dout[1]       ; 2.5 V        ; 0 s                 ; 0 s                 ; 2.32 V                       ; 7.25e-07 V                   ; 2.35 V              ; -0.0111 V           ; 0.113 V                              ; 0.035 V                              ; 7.76e-10 s                  ; 8.04e-10 s                  ; Yes                        ; Yes                        ; 2.32 V                      ; 7.25e-07 V                  ; 2.35 V             ; -0.0111 V          ; 0.113 V                             ; 0.035 V                             ; 7.76e-10 s                 ; 8.04e-10 s                 ; Yes                       ; Yes                       ;
; dout[2]       ; 2.5 V        ; 0 s                 ; 0 s                 ; 2.32 V                       ; 7.25e-07 V                   ; 2.33 V              ; -0.00317 V          ; 0.162 V                              ; 0.063 V                              ; 3.54e-09 s                  ; 3.41e-09 s                  ; Yes                        ; Yes                        ; 2.32 V                      ; 7.25e-07 V                  ; 2.33 V             ; -0.00317 V         ; 0.162 V                             ; 0.063 V                             ; 3.54e-09 s                 ; 3.41e-09 s                 ; Yes                       ; Yes                       ;
; dout[3]       ; 2.5 V        ; 0 s                 ; 0 s                 ; 2.32 V                       ; 7.25e-07 V                   ; 2.35 V              ; -0.0111 V           ; 0.113 V                              ; 0.035 V                              ; 7.76e-10 s                  ; 8.04e-10 s                  ; Yes                        ; Yes                        ; 2.32 V                      ; 7.25e-07 V                  ; 2.35 V             ; -0.0111 V          ; 0.113 V                             ; 0.035 V                             ; 7.76e-10 s                 ; 8.04e-10 s                 ; Yes                       ; Yes                       ;
; dout[4]       ; 2.5 V        ; 0 s                 ; 0 s                 ; 2.32 V                       ; 7.25e-07 V                   ; 2.35 V              ; -0.0111 V           ; 0.113 V                              ; 0.035 V                              ; 7.76e-10 s                  ; 8.04e-10 s                  ; Yes                        ; Yes                        ; 2.32 V                      ; 7.25e-07 V                  ; 2.35 V             ; -0.0111 V          ; 0.113 V                             ; 0.035 V                             ; 7.76e-10 s                 ; 8.04e-10 s                 ; Yes                       ; Yes                       ;
; dout[5]       ; 2.5 V        ; 0 s                 ; 0 s                 ; 2.32 V                       ; 7.25e-07 V                   ; 2.35 V              ; -0.0111 V           ; 0.113 V                              ; 0.035 V                              ; 7.76e-10 s                  ; 8.04e-10 s                  ; Yes                        ; Yes                        ; 2.32 V                      ; 7.25e-07 V                  ; 2.35 V             ; -0.0111 V          ; 0.113 V                             ; 0.035 V                             ; 7.76e-10 s                 ; 8.04e-10 s                 ; Yes                       ; Yes                       ;
; dout[6]       ; 2.5 V        ; 0 s                 ; 0 s                 ; 2.32 V                       ; 7.25e-07 V                   ; 2.35 V              ; -0.0111 V           ; 0.113 V                              ; 0.035 V                              ; 7.76e-10 s                  ; 8.04e-10 s                  ; Yes                        ; Yes                        ; 2.32 V                      ; 7.25e-07 V                  ; 2.35 V             ; -0.0111 V          ; 0.113 V                             ; 0.035 V                             ; 7.76e-10 s                 ; 8.04e-10 s                 ; Yes                       ; Yes                       ;
; dout[7]       ; 2.5 V        ; 0 s                 ; 0 s                 ; 2.32 V                       ; 7.25e-07 V                   ; 2.35 V              ; -0.0111 V           ; 0.113 V                              ; 0.035 V                              ; 7.76e-10 s                  ; 8.04e-10 s                  ; Yes                        ; Yes                        ; 2.32 V                      ; 7.25e-07 V                  ; 2.35 V             ; -0.0111 V          ; 0.113 V                             ; 0.035 V                             ; 7.76e-10 s                 ; 8.04e-10 s                 ; Yes                       ; Yes                       ;
; fnd_on_0[0]   ; 2.5 V        ; 0 s                 ; 0 s                 ; 2.32 V                       ; 1.08e-06 V                   ; 2.36 V              ; -0.0113 V           ; 0.122 V                              ; 0.022 V                              ; 4.5e-10 s                   ; 4.45e-10 s                  ; Yes                        ; Yes                        ; 2.32 V                      ; 1.08e-06 V                  ; 2.36 V             ; -0.0113 V          ; 0.122 V                             ; 0.022 V                             ; 4.5e-10 s                  ; 4.45e-10 s                 ; Yes                       ; Yes                       ;
; fnd_on_0[1]   ; 2.5 V        ; 0 s                 ; 0 s                 ; 2.32 V                       ; 1.08e-06 V                   ; 2.36 V              ; -0.0113 V           ; 0.122 V                              ; 0.022 V                              ; 4.5e-10 s                   ; 4.45e-10 s                  ; Yes                        ; Yes                        ; 2.32 V                      ; 1.08e-06 V                  ; 2.36 V             ; -0.0113 V          ; 0.122 V                             ; 0.022 V                             ; 4.5e-10 s                  ; 4.45e-10 s                 ; Yes                       ; Yes                       ;
; fnd_on_0[2]   ; 2.5 V        ; 0 s                 ; 0 s                 ; 2.32 V                       ; 1.08e-06 V                   ; 2.36 V              ; -0.0113 V           ; 0.122 V                              ; 0.022 V                              ; 4.5e-10 s                   ; 4.45e-10 s                  ; Yes                        ; Yes                        ; 2.32 V                      ; 1.08e-06 V                  ; 2.36 V             ; -0.0113 V          ; 0.122 V                             ; 0.022 V                             ; 4.5e-10 s                  ; 4.45e-10 s                 ; Yes                       ; Yes                       ;
; fnd_on_0[3]   ; 2.5 V        ; 0 s                 ; 0 s                 ; 2.32 V                       ; 1.08e-06 V                   ; 2.36 V              ; -0.0113 V           ; 0.122 V                              ; 0.022 V                              ; 4.5e-10 s                   ; 4.45e-10 s                  ; Yes                        ; Yes                        ; 2.32 V                      ; 1.08e-06 V                  ; 2.36 V             ; -0.0113 V          ; 0.122 V                             ; 0.022 V                             ; 4.5e-10 s                  ; 4.45e-10 s                 ; Yes                       ; Yes                       ;
; fnd_on_0[4]   ; 2.5 V        ; 0 s                 ; 0 s                 ; 2.32 V                       ; 1.08e-06 V                   ; 2.36 V              ; -0.0113 V           ; 0.122 V                              ; 0.022 V                              ; 4.5e-10 s                   ; 4.45e-10 s                  ; Yes                        ; Yes                        ; 2.32 V                      ; 1.08e-06 V                  ; 2.36 V             ; -0.0113 V          ; 0.122 V                             ; 0.022 V                             ; 4.5e-10 s                  ; 4.45e-10 s                 ; Yes                       ; Yes                       ;
; fnd_on_0[5]   ; 2.5 V        ; 0 s                 ; 0 s                 ; 2.32 V                       ; 1.08e-06 V                   ; 2.36 V              ; -0.0113 V           ; 0.122 V                              ; 0.022 V                              ; 4.5e-10 s                   ; 4.45e-10 s                  ; Yes                        ; Yes                        ; 2.32 V                      ; 1.08e-06 V                  ; 2.36 V             ; -0.0113 V          ; 0.122 V                             ; 0.022 V                             ; 4.5e-10 s                  ; 4.45e-10 s                 ; Yes                       ; Yes                       ;
; fnd_on_0[6]   ; 2.5 V        ; 0 s                 ; 0 s                 ; 2.32 V                       ; 1.08e-06 V                   ; 2.36 V              ; -0.0113 V           ; 0.122 V                              ; 0.022 V                              ; 4.5e-10 s                   ; 4.45e-10 s                  ; Yes                        ; Yes                        ; 2.32 V                      ; 1.08e-06 V                  ; 2.36 V             ; -0.0113 V          ; 0.122 V                             ; 0.022 V                             ; 4.5e-10 s                  ; 4.45e-10 s                 ; Yes                       ; Yes                       ;
; fnd_on_1[0]   ; 2.5 V        ; 0 s                 ; 0 s                 ; 2.32 V                       ; 1.08e-06 V                   ; 2.36 V              ; -0.0113 V           ; 0.122 V                              ; 0.022 V                              ; 4.5e-10 s                   ; 4.45e-10 s                  ; Yes                        ; Yes                        ; 2.32 V                      ; 1.08e-06 V                  ; 2.36 V             ; -0.0113 V          ; 0.122 V                             ; 0.022 V                             ; 4.5e-10 s                  ; 4.45e-10 s                 ; Yes                       ; Yes                       ;
; fnd_on_1[1]   ; 2.5 V        ; 0 s                 ; 0 s                 ; 2.32 V                       ; 1.08e-06 V                   ; 2.36 V              ; -0.0113 V           ; 0.122 V                              ; 0.022 V                              ; 4.5e-10 s                   ; 4.45e-10 s                  ; Yes                        ; Yes                        ; 2.32 V                      ; 1.08e-06 V                  ; 2.36 V             ; -0.0113 V          ; 0.122 V                             ; 0.022 V                             ; 4.5e-10 s                  ; 4.45e-10 s                 ; Yes                       ; Yes                       ;
; fnd_on_1[2]   ; 2.5 V        ; 0 s                 ; 0 s                 ; 2.32 V                       ; 1.08e-06 V                   ; 2.36 V              ; -0.0113 V           ; 0.122 V                              ; 0.022 V                              ; 4.5e-10 s                   ; 4.45e-10 s                  ; Yes                        ; Yes                        ; 2.32 V                      ; 1.08e-06 V                  ; 2.36 V             ; -0.0113 V          ; 0.122 V                             ; 0.022 V                             ; 4.5e-10 s                  ; 4.45e-10 s                 ; Yes                       ; Yes                       ;
; fnd_on_1[3]   ; 2.5 V        ; 0 s                 ; 0 s                 ; 2.32 V                       ; 1.08e-06 V                   ; 2.36 V              ; -0.0113 V           ; 0.122 V                              ; 0.022 V                              ; 4.5e-10 s                   ; 4.45e-10 s                  ; Yes                        ; Yes                        ; 2.32 V                      ; 1.08e-06 V                  ; 2.36 V             ; -0.0113 V          ; 0.122 V                             ; 0.022 V                             ; 4.5e-10 s                  ; 4.45e-10 s                 ; Yes                       ; Yes                       ;
; fnd_on_1[4]   ; 2.5 V        ; 0 s                 ; 0 s                 ; 2.32 V                       ; 1.08e-06 V                   ; 2.36 V              ; -0.0113 V           ; 0.122 V                              ; 0.022 V                              ; 4.5e-10 s                   ; 4.45e-10 s                  ; Yes                        ; Yes                        ; 2.32 V                      ; 1.08e-06 V                  ; 2.36 V             ; -0.0113 V          ; 0.122 V                             ; 0.022 V                             ; 4.5e-10 s                  ; 4.45e-10 s                 ; Yes                       ; Yes                       ;
; fnd_on_1[5]   ; 2.5 V        ; 0 s                 ; 0 s                 ; 2.32 V                       ; 1.08e-06 V                   ; 2.36 V              ; -0.0113 V           ; 0.122 V                              ; 0.022 V                              ; 4.5e-10 s                   ; 4.45e-10 s                  ; Yes                        ; Yes                        ; 2.32 V                      ; 1.08e-06 V                  ; 2.36 V             ; -0.0113 V          ; 0.122 V                             ; 0.022 V                             ; 4.5e-10 s                  ; 4.45e-10 s                 ; Yes                       ; Yes                       ;
; fnd_on_1[6]   ; 2.5 V        ; 0 s                 ; 0 s                 ; 2.32 V                       ; 1.08e-06 V                   ; 2.36 V              ; -0.0113 V           ; 0.122 V                              ; 0.022 V                              ; 4.5e-10 s                   ; 4.45e-10 s                  ; Yes                        ; Yes                        ; 2.32 V                      ; 1.08e-06 V                  ; 2.36 V             ; -0.0113 V          ; 0.122 V                             ; 0.022 V                             ; 4.5e-10 s                  ; 4.45e-10 s                 ; Yes                       ; Yes                       ;
; ~ALTERA_DCLK~ ; 2.5 V        ; 0 s                 ; 0 s                 ; 2.32 V                       ; 5.68e-07 V                   ; 2.35 V              ; -0.0132 V           ; 0.2 V                                ; 0.027 V                              ; 5.26e-10 s                  ; 4.81e-10 s                  ; Yes                        ; Yes                        ; 2.32 V                      ; 5.68e-07 V                  ; 2.35 V             ; -0.0132 V          ; 0.2 V                               ; 0.027 V                             ; 5.26e-10 s                 ; 4.81e-10 s                 ; Yes                       ; Yes                       ;
; ~ALTERA_nCEO~ ; 2.5 V        ; 0 s                 ; 0 s                 ; 2.32 V                       ; 9.36e-07 V                   ; 2.35 V              ; -0.00444 V          ; 0.18 V                               ; 0.019 V                              ; 7.23e-10 s                  ; 9.82e-10 s                  ; Yes                        ; Yes                        ; 2.32 V                      ; 9.36e-07 V                  ; 2.35 V             ; -0.00444 V         ; 0.18 V                              ; 0.019 V                             ; 7.23e-10 s                 ; 9.82e-10 s                 ; Yes                       ; Yes                       ;
+---------------+--------------+---------------------+---------------------+------------------------------+------------------------------+---------------------+---------------------+--------------------------------------+--------------------------------------+-----------------------------+-----------------------------+----------------------------+----------------------------+-----------------------------+-----------------------------+--------------------+--------------------+-------------------------------------+-------------------------------------+----------------------------+----------------------------+---------------------------+---------------------------+


+--------------------------------------------------------------------------------------------------------------------------------------------------------------------------------------------------------------------------------------------------------------------------------------------------------------------------------------------------------------------------------------------------------------------------------------------------------------------------------------------------------------------------------------------------------------------------------------------------------------------------------------------------------------------------------------------+
; Fast Corner Signal Integrity Metrics                                                                                                                                                                                                                                                                                                                                                                                                                                                                                                                                                                                                                                                       ;
+---------------+--------------+---------------------+---------------------+------------------------------+------------------------------+---------------------+---------------------+--------------------------------------+--------------------------------------+-----------------------------+-----------------------------+----------------------------+----------------------------+-----------------------------+-----------------------------+--------------------+--------------------+-------------------------------------+-------------------------------------+----------------------------+----------------------------+---------------------------+---------------------------+
; Pin           ; I/O Standard ; Board Delay on Rise ; Board Delay on Fall ; Steady State Voh at FPGA Pin ; Steady State Vol at FPGA Pin ; Voh Max at FPGA Pin ; Vol Min at FPGA Pin ; Ringback Voltage on Rise at FPGA Pin ; Ringback Voltage on Fall at FPGA Pin ; 10-90 Rise Time at FPGA Pin ; 90-10 Fall Time at FPGA Pin ; Monotonic Rise at FPGA Pin ; Monotonic Fall at FPGA Pin ; Steady State Voh at Far-end ; Steady State Vol at Far-end ; Voh Max at Far-end ; Vol Min at Far-end ; Ringback Voltage on Rise at Far-end ; Ringback Voltage on Fall at Far-end ; 10-90 Rise Time at Far-end ; 90-10 Fall Time at Far-end ; Monotonic Rise at Far-end ; Monotonic Fall at Far-end ;
+---------------+--------------+---------------------+---------------------+------------------------------+------------------------------+---------------------+---------------------+--------------------------------------+--------------------------------------+-----------------------------+-----------------------------+----------------------------+----------------------------+-----------------------------+-----------------------------+--------------------+--------------------+-------------------------------------+-------------------------------------+----------------------------+----------------------------+---------------------------+---------------------------+
; dout[0]       ; 2.5 V        ; 0 s                 ; 0 s                 ; 2.62 V                       ; 2.78e-08 V                   ; 2.71 V              ; -0.0349 V           ; 0.253 V                              ; 0.069 V                              ; 4.96e-10 s                  ; 5.19e-10 s                  ; No                         ; Yes                        ; 2.62 V                      ; 2.78e-08 V                  ; 2.71 V             ; -0.0349 V          ; 0.253 V                             ; 0.069 V                             ; 4.96e-10 s                 ; 5.19e-10 s                 ; No                        ; Yes                       ;
; dout[1]       ; 2.5 V        ; 0 s                 ; 0 s                 ; 2.62 V                       ; 2.78e-08 V                   ; 2.71 V              ; -0.0349 V           ; 0.253 V                              ; 0.069 V                              ; 4.96e-10 s                  ; 5.19e-10 s                  ; No                         ; Yes                        ; 2.62 V                      ; 2.78e-08 V                  ; 2.71 V             ; -0.0349 V          ; 0.253 V                             ; 0.069 V                             ; 4.96e-10 s                 ; 5.19e-10 s                 ; No                        ; Yes                       ;
; dout[2]       ; 2.5 V        ; 0 s                 ; 0 s                 ; 2.62 V                       ; 2.78e-08 V                   ; 2.64 V              ; -0.0109 V           ; 0.244 V                              ; 0.16 V                               ; 2.42e-09 s                  ; 2.37e-09 s                  ; No                         ; Yes                        ; 2.62 V                      ; 2.78e-08 V                  ; 2.64 V             ; -0.0109 V          ; 0.244 V                             ; 0.16 V                              ; 2.42e-09 s                 ; 2.37e-09 s                 ; No                        ; Yes                       ;
; dout[3]       ; 2.5 V        ; 0 s                 ; 0 s                 ; 2.62 V                       ; 2.78e-08 V                   ; 2.71 V              ; -0.0349 V           ; 0.253 V                              ; 0.069 V                              ; 4.96e-10 s                  ; 5.19e-10 s                  ; No                         ; Yes                        ; 2.62 V                      ; 2.78e-08 V                  ; 2.71 V             ; -0.0349 V          ; 0.253 V                             ; 0.069 V                             ; 4.96e-10 s                 ; 5.19e-10 s                 ; No                        ; Yes                       ;
; dout[4]       ; 2.5 V        ; 0 s                 ; 0 s                 ; 2.62 V                       ; 2.78e-08 V                   ; 2.71 V              ; -0.0349 V           ; 0.253 V                              ; 0.069 V                              ; 4.96e-10 s                  ; 5.19e-10 s                  ; No                         ; Yes                        ; 2.62 V                      ; 2.78e-08 V                  ; 2.71 V             ; -0.0349 V          ; 0.253 V                             ; 0.069 V                             ; 4.96e-10 s                 ; 5.19e-10 s                 ; No                        ; Yes                       ;
; dout[5]       ; 2.5 V        ; 0 s                 ; 0 s                 ; 2.62 V                       ; 2.78e-08 V                   ; 2.71 V              ; -0.0349 V           ; 0.253 V                              ; 0.069 V                              ; 4.96e-10 s                  ; 5.19e-10 s                  ; No                         ; Yes                        ; 2.62 V                      ; 2.78e-08 V                  ; 2.71 V             ; -0.0349 V          ; 0.253 V                             ; 0.069 V                             ; 4.96e-10 s                 ; 5.19e-10 s                 ; No                        ; Yes                       ;
; dout[6]       ; 2.5 V        ; 0 s                 ; 0 s                 ; 2.62 V                       ; 2.78e-08 V                   ; 2.71 V              ; -0.0349 V           ; 0.253 V                              ; 0.069 V                              ; 4.96e-10 s                  ; 5.19e-10 s                  ; No                         ; Yes                        ; 2.62 V                      ; 2.78e-08 V                  ; 2.71 V             ; -0.0349 V          ; 0.253 V                             ; 0.069 V                             ; 4.96e-10 s                 ; 5.19e-10 s                 ; No                        ; Yes                       ;
; dout[7]       ; 2.5 V        ; 0 s                 ; 0 s                 ; 2.62 V                       ; 2.78e-08 V                   ; 2.71 V              ; -0.0349 V           ; 0.253 V                              ; 0.069 V                              ; 4.96e-10 s                  ; 5.19e-10 s                  ; No                         ; Yes                        ; 2.62 V                      ; 2.78e-08 V                  ; 2.71 V             ; -0.0349 V          ; 0.253 V                             ; 0.069 V                             ; 4.96e-10 s                 ; 5.19e-10 s                 ; No                        ; Yes                       ;
; fnd_on_0[0]   ; 2.5 V        ; 0 s                 ; 0 s                 ; 2.62 V                       ; 4.11e-08 V                   ; 2.73 V              ; -0.0566 V           ; 0.191 V                              ; 0.12 V                               ; 2.69e-10 s                  ; 2.76e-10 s                  ; Yes                        ; Yes                        ; 2.62 V                      ; 4.11e-08 V                  ; 2.73 V             ; -0.0566 V          ; 0.191 V                             ; 0.12 V                              ; 2.69e-10 s                 ; 2.76e-10 s                 ; Yes                       ; Yes                       ;
; fnd_on_0[1]   ; 2.5 V        ; 0 s                 ; 0 s                 ; 2.62 V                       ; 4.11e-08 V                   ; 2.73 V              ; -0.0566 V           ; 0.191 V                              ; 0.12 V                               ; 2.69e-10 s                  ; 2.76e-10 s                  ; Yes                        ; Yes                        ; 2.62 V                      ; 4.11e-08 V                  ; 2.73 V             ; -0.0566 V          ; 0.191 V                             ; 0.12 V                              ; 2.69e-10 s                 ; 2.76e-10 s                 ; Yes                       ; Yes                       ;
; fnd_on_0[2]   ; 2.5 V        ; 0 s                 ; 0 s                 ; 2.62 V                       ; 4.11e-08 V                   ; 2.73 V              ; -0.0566 V           ; 0.191 V                              ; 0.12 V                               ; 2.69e-10 s                  ; 2.76e-10 s                  ; Yes                        ; Yes                        ; 2.62 V                      ; 4.11e-08 V                  ; 2.73 V             ; -0.0566 V          ; 0.191 V                             ; 0.12 V                              ; 2.69e-10 s                 ; 2.76e-10 s                 ; Yes                       ; Yes                       ;
; fnd_on_0[3]   ; 2.5 V        ; 0 s                 ; 0 s                 ; 2.62 V                       ; 4.11e-08 V                   ; 2.73 V              ; -0.0566 V           ; 0.191 V                              ; 0.12 V                               ; 2.69e-10 s                  ; 2.76e-10 s                  ; Yes                        ; Yes                        ; 2.62 V                      ; 4.11e-08 V                  ; 2.73 V             ; -0.0566 V          ; 0.191 V                             ; 0.12 V                              ; 2.69e-10 s                 ; 2.76e-10 s                 ; Yes                       ; Yes                       ;
; fnd_on_0[4]   ; 2.5 V        ; 0 s                 ; 0 s                 ; 2.62 V                       ; 4.11e-08 V                   ; 2.73 V              ; -0.0566 V           ; 0.191 V                              ; 0.12 V                               ; 2.69e-10 s                  ; 2.76e-10 s                  ; Yes                        ; Yes                        ; 2.62 V                      ; 4.11e-08 V                  ; 2.73 V             ; -0.0566 V          ; 0.191 V                             ; 0.12 V                              ; 2.69e-10 s                 ; 2.76e-10 s                 ; Yes                       ; Yes                       ;
; fnd_on_0[5]   ; 2.5 V        ; 0 s                 ; 0 s                 ; 2.62 V                       ; 4.11e-08 V                   ; 2.73 V              ; -0.0566 V           ; 0.191 V                              ; 0.12 V                               ; 2.69e-10 s                  ; 2.76e-10 s                  ; Yes                        ; Yes                        ; 2.62 V                      ; 4.11e-08 V                  ; 2.73 V             ; -0.0566 V          ; 0.191 V                             ; 0.12 V                              ; 2.69e-10 s                 ; 2.76e-10 s                 ; Yes                       ; Yes                       ;
; fnd_on_0[6]   ; 2.5 V        ; 0 s                 ; 0 s                 ; 2.62 V                       ; 4.11e-08 V                   ; 2.73 V              ; -0.0566 V           ; 0.191 V                              ; 0.12 V                               ; 2.69e-10 s                  ; 2.76e-10 s                  ; Yes                        ; Yes                        ; 2.62 V                      ; 4.11e-08 V                  ; 2.73 V             ; -0.0566 V          ; 0.191 V                             ; 0.12 V                              ; 2.69e-10 s                 ; 2.76e-10 s                 ; Yes                       ; Yes                       ;
; fnd_on_1[0]   ; 2.5 V        ; 0 s                 ; 0 s                 ; 2.62 V                       ; 4.11e-08 V                   ; 2.73 V              ; -0.0566 V           ; 0.191 V                              ; 0.12 V                               ; 2.69e-10 s                  ; 2.76e-10 s                  ; Yes                        ; Yes                        ; 2.62 V                      ; 4.11e-08 V                  ; 2.73 V             ; -0.0566 V          ; 0.191 V                             ; 0.12 V                              ; 2.69e-10 s                 ; 2.76e-10 s                 ; Yes                       ; Yes                       ;
; fnd_on_1[1]   ; 2.5 V        ; 0 s                 ; 0 s                 ; 2.62 V                       ; 4.11e-08 V                   ; 2.73 V              ; -0.0566 V           ; 0.191 V                              ; 0.12 V                               ; 2.69e-10 s                  ; 2.76e-10 s                  ; Yes                        ; Yes                        ; 2.62 V                      ; 4.11e-08 V                  ; 2.73 V             ; -0.0566 V          ; 0.191 V                             ; 0.12 V                              ; 2.69e-10 s                 ; 2.76e-10 s                 ; Yes                       ; Yes                       ;
; fnd_on_1[2]   ; 2.5 V        ; 0 s                 ; 0 s                 ; 2.62 V                       ; 4.11e-08 V                   ; 2.73 V              ; -0.0566 V           ; 0.191 V                              ; 0.12 V                               ; 2.69e-10 s                  ; 2.76e-10 s                  ; Yes                        ; Yes                        ; 2.62 V                      ; 4.11e-08 V                  ; 2.73 V             ; -0.0566 V          ; 0.191 V                             ; 0.12 V                              ; 2.69e-10 s                 ; 2.76e-10 s                 ; Yes                       ; Yes                       ;
; fnd_on_1[3]   ; 2.5 V        ; 0 s                 ; 0 s                 ; 2.62 V                       ; 4.11e-08 V                   ; 2.73 V              ; -0.0566 V           ; 0.191 V                              ; 0.12 V                               ; 2.69e-10 s                  ; 2.76e-10 s                  ; Yes                        ; Yes                        ; 2.62 V                      ; 4.11e-08 V                  ; 2.73 V             ; -0.0566 V          ; 0.191 V                             ; 0.12 V                              ; 2.69e-10 s                 ; 2.76e-10 s                 ; Yes                       ; Yes                       ;
; fnd_on_1[4]   ; 2.5 V        ; 0 s                 ; 0 s                 ; 2.62 V                       ; 4.11e-08 V                   ; 2.73 V              ; -0.0566 V           ; 0.191 V                              ; 0.12 V                               ; 2.69e-10 s                  ; 2.76e-10 s                  ; Yes                        ; Yes                        ; 2.62 V                      ; 4.11e-08 V                  ; 2.73 V             ; -0.0566 V          ; 0.191 V                             ; 0.12 V                              ; 2.69e-10 s                 ; 2.76e-10 s                 ; Yes                       ; Yes                       ;
; fnd_on_1[5]   ; 2.5 V        ; 0 s                 ; 0 s                 ; 2.62 V                       ; 4.11e-08 V                   ; 2.73 V              ; -0.0566 V           ; 0.191 V                              ; 0.12 V                               ; 2.69e-10 s                  ; 2.76e-10 s                  ; Yes                        ; Yes                        ; 2.62 V                      ; 4.11e-08 V                  ; 2.73 V             ; -0.0566 V          ; 0.191 V                             ; 0.12 V                              ; 2.69e-10 s                 ; 2.76e-10 s                 ; Yes                       ; Yes                       ;
; fnd_on_1[6]   ; 2.5 V        ; 0 s                 ; 0 s                 ; 2.62 V                       ; 4.11e-08 V                   ; 2.73 V              ; -0.0566 V           ; 0.191 V                              ; 0.12 V                               ; 2.69e-10 s                  ; 2.76e-10 s                  ; Yes                        ; Yes                        ; 2.62 V                      ; 4.11e-08 V                  ; 2.73 V             ; -0.0566 V          ; 0.191 V                             ; 0.12 V                              ; 2.69e-10 s                 ; 2.76e-10 s                 ; Yes                       ; Yes                       ;
; ~ALTERA_DCLK~ ; 2.5 V        ; 0 s                 ; 0 s                 ; 2.62 V                       ; 2.22e-08 V                   ; 2.72 V              ; -0.0747 V           ; 0.28 V                               ; 0.169 V                              ; 3.1e-10 s                   ; 3.01e-10 s                  ; No                         ; Yes                        ; 2.62 V                      ; 2.22e-08 V                  ; 2.72 V             ; -0.0747 V          ; 0.28 V                              ; 0.169 V                             ; 3.1e-10 s                  ; 3.01e-10 s                 ; No                        ; Yes                       ;
; ~ALTERA_nCEO~ ; 2.5 V        ; 0 s                 ; 0 s                 ; 2.62 V                       ; 3.53e-08 V                   ; 2.7 V               ; -0.0212 V           ; 0.204 V                              ; 0.049 V                              ; 4.85e-10 s                  ; 6.73e-10 s                  ; No                         ; Yes                        ; 2.62 V                      ; 3.53e-08 V                  ; 2.7 V              ; -0.0212 V          ; 0.204 V                             ; 0.049 V                             ; 4.85e-10 s                 ; 6.73e-10 s                 ; No                        ; Yes                       ;
+---------------+--------------+---------------------+---------------------+------------------------------+------------------------------+---------------------+---------------------+--------------------------------------+--------------------------------------+-----------------------------+-----------------------------+----------------------------+----------------------------+-----------------------------+-----------------------------+--------------------+--------------------+-------------------------------------+-------------------------------------+----------------------------+----------------------------+---------------------------+---------------------------+


-------------------
; Clock Transfers ;
-------------------
Nothing to report.


---------------
; Report TCCS ;
---------------
No dedicated SERDES Transmitter circuitry present in device or used in design


---------------
; Report RSKM ;
---------------
No non-DPA dedicated SERDES Receiver circuitry present in device or used in design


+------------------------------------------------+
; Unconstrained Paths                            ;
+---------------------------------+-------+------+
; Property                        ; Setup ; Hold ;
+---------------------------------+-------+------+
; Illegal Clocks                  ; 0     ; 0    ;
; Unconstrained Clocks            ; 0     ; 0    ;
; Unconstrained Input Ports       ; 4     ; 4    ;
; Unconstrained Input Port Paths  ; 64    ; 64   ;
; Unconstrained Output Ports      ; 22    ; 22   ;
; Unconstrained Output Port Paths ; 64    ; 64   ;
+---------------------------------+-------+------+


+------------------------------------+
; TimeQuest Timing Analyzer Messages ;
+------------------------------------+
Info: *******************************************************************
Info: Running Quartus II 64-Bit TimeQuest Timing Analyzer
    Info: Version 13.1.0 Build 162 10/23/2013 SJ Web Edition
    Info: Processing started: Wed Nov 09 12:05:00 2022
Info: Command: quartus_sta de0_led_slider -c de0_led_slider
Info: qsta_default_script.tcl version: #1
Warning (20028): Parallel compilation is not licensed and has been disabled
Info (21077): Low junction temperature is 0 degrees C
Info (21077): High junction temperature is 85 degrees C
Critical Warning (332012): Synopsys Design Constraints File file not found: 'de0_led_slider.sdc'. A Synopsys Design Constraints File is required by the TimeQuest Timing Analyzer to get proper timing constraints. Without it, the Compiler will not properly optimize the design.
Info (332142): No user constrained base clocks found in the design. Calling "derive_clocks -period 1.0"
Info (332096): The command derive_clocks did not find any clocks to derive.  No clocks were created or changed.
Warning (332068): No clocks defined in design.
Info (332143): No user constrained clock uncertainty found in the design. Calling "derive_clock_uncertainty"
Info (332154): The derive_clock_uncertainty command did not apply clock uncertainty to any clock-to-clock transfers.
Info: Found TIMEQUEST_REPORT_SCRIPT_INCLUDE_DEFAULT_ANALYSIS = ON
Info (332159): No clocks to report
Info: Analyzing Slow 1200mV 85C Model
Info (332140): No fmax paths to report
Info (332140): No Setup paths to report
Info (332140): No Hold paths to report
Info (332140): No Recovery paths to report
Info (332140): No Removal paths to report
Info (332140): No Minimum Pulse Width paths to report
Info: Analyzing Slow 1200mV 0C Model
Info (334003): Started post-fitting delay annotation
Info (334004): Delay annotation completed successfully
Info (332142): No user constrained base clocks found in the design. Calling "derive_clocks -period 1.0"
Info (332096): The command derive_clocks did not find any clocks to derive.  No clocks were created or changed.
Warning (332068): No clocks defined in design.
Info (332154): The derive_clock_uncertainty command did not apply clock uncertainty to any clock-to-clock transfers.
Info (332140): No fmax paths to report
Info (332140): No Setup paths to report
Info (332140): No Hold paths to report
Info (332140): No Recovery paths to report
Info (332140): No Removal paths to report
Info (332140): No Minimum Pulse Width paths to report
Info: Analyzing Fast 1200mV 0C Model
Info (332142): No user constrained base clocks found in the design. Calling "derive_clocks -period 1.0"
Info (332096): The command derive_clocks did not find any clocks to derive.  No clocks were created or changed.
Warning (332068): No clocks defined in design.
Info (332154): The derive_clock_uncertainty command did not apply clock uncertainty to any clock-to-clock transfers.
Info (332140): No Setup paths to report
Info (332140): No Hold paths to report
Info (332140): No Recovery paths to report
Info (332140): No Removal paths to report
Info (332140): No Minimum Pulse Width paths to report
Info (332102): Design is not fully constrained for setup requirements
Info (332102): Design is not fully constrained for hold requirements
Info: Quartus II 64-Bit TimeQuest Timing Analyzer was successful. 0 errors, 5 warnings
    Info: Peak virtual memory: 4613 megabytes
    Info: Processing ended: Wed Nov 09 12:05:02 2022
    Info: Elapsed time: 00:00:02
    Info: Total CPU time (on all processors): 00:00:02


